Archive member included to satisfy reference by file (symbol)

g:/keilc/btlktvxl/bai1_xedieukhienble/car/tools/cygwin/gnu_arm_toolchain/10_2021_10/bin/../lib/gcc/arm-none-eabi/10.3.1/../../../../arm-none-eabi/lib/thumb/v7-m/nofp\libc_nano.a(lib_a-errno.o)
                              Output/Src/syscalls.o (__errno)
g:/keilc/btlktvxl/bai1_xedieukhienble/car/tools/cygwin/gnu_arm_toolchain/10_2021_10/bin/../lib/gcc/arm-none-eabi/10.3.1/../../../../arm-none-eabi/lib/thumb/v7-m/nofp\libc_nano.a(lib_a-exit.o)
                              g:/keilc/btlktvxl/bai1_xedieukhienble/car/tools/cygwin/gnu_arm_toolchain/10_2021_10/bin/../lib/gcc/arm-none-eabi/10.3.1/../../../../arm-none-eabi/lib/thumb/v7-m/nofp/crt0.o (exit)
g:/keilc/btlktvxl/bai1_xedieukhienble/car/tools/cygwin/gnu_arm_toolchain/10_2021_10/bin/../lib/gcc/arm-none-eabi/10.3.1/../../../../arm-none-eabi/lib/thumb/v7-m/nofp\libc_nano.a(lib_a-impure.o)
                              g:/keilc/btlktvxl/bai1_xedieukhienble/car/tools/cygwin/gnu_arm_toolchain/10_2021_10/bin/../lib/gcc/arm-none-eabi/10.3.1/../../../../arm-none-eabi/lib/thumb/v7-m/nofp\libc_nano.a(lib_a-exit.o) (_global_impure_ptr)
g:/keilc/btlktvxl/bai1_xedieukhienble/car/tools/cygwin/gnu_arm_toolchain/10_2021_10/bin/../lib/gcc/arm-none-eabi/10.3.1/../../../../arm-none-eabi/lib/thumb/v7-m/nofp\libc_nano.a(lib_a-init.o)
                              g:/keilc/btlktvxl/bai1_xedieukhienble/car/tools/cygwin/gnu_arm_toolchain/10_2021_10/bin/../lib/gcc/arm-none-eabi/10.3.1/../../../../arm-none-eabi/lib/thumb/v7-m/nofp/crt0.o (__libc_init_array)
g:/keilc/btlktvxl/bai1_xedieukhienble/car/tools/cygwin/gnu_arm_toolchain/10_2021_10/bin/../lib/gcc/arm-none-eabi/10.3.1/../../../../arm-none-eabi/lib/thumb/v7-m/nofp\libc_nano.a(lib_a-memset.o)
                              g:/keilc/btlktvxl/bai1_xedieukhienble/car/tools/cygwin/gnu_arm_toolchain/10_2021_10/bin/../lib/gcc/arm-none-eabi/10.3.1/../../../../arm-none-eabi/lib/thumb/v7-m/nofp/crt0.o (memset)
g:/keilc/btlktvxl/bai1_xedieukhienble/car/tools/cygwin/gnu_arm_toolchain/10_2021_10/bin/../lib/gcc/arm-none-eabi/10.3.1/../../../../arm-none-eabi/lib/thumb/v7-m/nofp\libc_nano.a(lib_a-sscanf.o)
                              Output/Ip/ip_control.o (sscanf)
g:/keilc/btlktvxl/bai1_xedieukhienble/car/tools/cygwin/gnu_arm_toolchain/10_2021_10/bin/../lib/gcc/arm-none-eabi/10.3.1/../../../../arm-none-eabi/lib/thumb/v7-m/nofp\libc_nano.a(lib_a-stdio.o)
                              g:/keilc/btlktvxl/bai1_xedieukhienble/car/tools/cygwin/gnu_arm_toolchain/10_2021_10/bin/../lib/gcc/arm-none-eabi/10.3.1/../../../../arm-none-eabi/lib/thumb/v7-m/nofp\libc_nano.a(lib_a-sscanf.o) (__seofread)
g:/keilc/btlktvxl/bai1_xedieukhienble/car/tools/cygwin/gnu_arm_toolchain/10_2021_10/bin/../lib/gcc/arm-none-eabi/10.3.1/../../../../arm-none-eabi/lib/thumb/v7-m/nofp\libc_nano.a(lib_a-strlen.o)
                              g:/keilc/btlktvxl/bai1_xedieukhienble/car/tools/cygwin/gnu_arm_toolchain/10_2021_10/bin/../lib/gcc/arm-none-eabi/10.3.1/../../../../arm-none-eabi/lib/thumb/v7-m/nofp\libc_nano.a(lib_a-sscanf.o) (strlen)
g:/keilc/btlktvxl/bai1_xedieukhienble/car/tools/cygwin/gnu_arm_toolchain/10_2021_10/bin/../lib/gcc/arm-none-eabi/10.3.1/../../../../arm-none-eabi/lib/thumb/v7-m/nofp\libc_nano.a(lib_a-writer.o)
                              g:/keilc/btlktvxl/bai1_xedieukhienble/car/tools/cygwin/gnu_arm_toolchain/10_2021_10/bin/../lib/gcc/arm-none-eabi/10.3.1/../../../../arm-none-eabi/lib/thumb/v7-m/nofp\libc_nano.a(lib_a-stdio.o) (_write_r)
g:/keilc/btlktvxl/bai1_xedieukhienble/car/tools/cygwin/gnu_arm_toolchain/10_2021_10/bin/../lib/gcc/arm-none-eabi/10.3.1/../../../../arm-none-eabi/lib/thumb/v7-m/nofp\libc_nano.a(lib_a-closer.o)
                              g:/keilc/btlktvxl/bai1_xedieukhienble/car/tools/cygwin/gnu_arm_toolchain/10_2021_10/bin/../lib/gcc/arm-none-eabi/10.3.1/../../../../arm-none-eabi/lib/thumb/v7-m/nofp\libc_nano.a(lib_a-stdio.o) (_close_r)
g:/keilc/btlktvxl/bai1_xedieukhienble/car/tools/cygwin/gnu_arm_toolchain/10_2021_10/bin/../lib/gcc/arm-none-eabi/10.3.1/../../../../arm-none-eabi/lib/thumb/v7-m/nofp\libc_nano.a(lib_a-lseekr.o)
                              g:/keilc/btlktvxl/bai1_xedieukhienble/car/tools/cygwin/gnu_arm_toolchain/10_2021_10/bin/../lib/gcc/arm-none-eabi/10.3.1/../../../../arm-none-eabi/lib/thumb/v7-m/nofp\libc_nano.a(lib_a-stdio.o) (_lseek_r)
g:/keilc/btlktvxl/bai1_xedieukhienble/car/tools/cygwin/gnu_arm_toolchain/10_2021_10/bin/../lib/gcc/arm-none-eabi/10.3.1/../../../../arm-none-eabi/lib/thumb/v7-m/nofp\libc_nano.a(lib_a-nano-svfscanf.o)
                              g:/keilc/btlktvxl/bai1_xedieukhienble/car/tools/cygwin/gnu_arm_toolchain/10_2021_10/bin/../lib/gcc/arm-none-eabi/10.3.1/../../../../arm-none-eabi/lib/thumb/v7-m/nofp\libc_nano.a(lib_a-sscanf.o) (__ssvfscanf_r)
[...]
Memory Configuration

Name             Origin             Length             Attributes
FLASH            0x08000000         0x00010000         xr
SRAM             0x20000000         0x00005000         xrw
*default*        0x00000000         0xffffffff

Linker script and memory map

LOAD g:/keilc/btlktvxl/bai1_xedieukhienble/car/tools/cygwin/gnu_arm_toolchain/10_2021_10/bin/../lib/gcc/arm-none-eabi/10.3.1/thumb/v7-m/nofp/crti.o
LOAD g:/keilc/btlktvxl/bai1_xedieukhienble/car/tools/cygwin/gnu_arm_toolchain/10_2021_10/bin/../lib/gcc/arm-none-eabi/10.3.1/thumb/v7-m/nofp/crtbegin.o
LOAD g:/keilc/btlktvxl/bai1_xedieukhienble/car/tools/cygwin/gnu_arm_toolchain/10_2021_10/bin/../lib/gcc/arm-none-eabi/10.3.1/../../../../arm-none-eabi/lib/thumb/v7-m/nofp/crt0.o
LOAD Output/Src/main.o
LOAD Output/Src/syscalls.o
LOAD Output/Src/system_init.o
LOAD Output/Application/app_bluetooth.o
LOAD Output/Application/app_control.o
LOAD Output/Application/app_gpio.o
LOAD Output/Application/app_line_sensor.o
LOAD Output/Application/app_maze.o
LOAD Output/Application/app_mode.o
LOAD Output/Application/app_motor.o
LOAD Output/Application/app_pwm.o
LOAD Output/Application/app_sensor.o
LOAD Output/Application/app_timer.o
LOAD Output/Application/app_uart.o
LOAD Output/Ip/ip_bluetooth.o
LOAD Output/Ip/ip_control.o
LOAD Output/Ip/ip_gpio.o
LOAD Output/Ip/ip_line_sensor.o
LOAD Output/Ip/ip_maze.o
LOAD Output/Ip/ip_mode.o
LOAD Output/Ip/ip_motor.o
LOAD Output/Ip/ip_pwm.o
LOAD Output/Ip/ip_sensor.o
LOAD Output/Ip/ip_timer.o
LOAD Output/Ip/ip_uart.o
LOAD Output/Middleware/mid_bluetooth.o
LOAD Output/Middleware/mid_control.o
LOAD Output/Middleware/mid_gpio.o
LOAD Output/Middleware/mid_line_sensor.o
LOAD Output/Middleware/mid_maze.o
LOAD Output/Middleware/mid_mode.o
LOAD Output/Middleware/mid_motor.o
LOAD Output/Middleware/mid_pwm.o
LOAD Output/Middleware/mid_sensor.o
LOAD Output/Middleware/mid_timer.o
LOAD Output/Middleware/mid_uart.o
LOAD Output/Lib/STM32F10x_StdPeriph_Driver/src/misc.o
LOAD Output/Lib/STM32F10x_StdPeriph_Driver/src/stm32f10x_adc.o
LOAD Output/Lib/STM32F10x_StdPeriph_Driver/src/stm32f10x_bkp.o
LOAD Output/Lib/STM32F10x_StdPeriph_Driver/src/stm32f10x_can.o
LOAD Output/Lib/STM32F10x_StdPeriph_Driver/src/stm32f10x_cec.o
LOAD Output/Lib/STM32F10x_StdPeriph_Driver/src/stm32f10x_crc.o
LOAD Output/Lib/STM32F10x_StdPeriph_Driver/src/stm32f10x_dac.o
LOAD Output/Lib/STM32F10x_StdPeriph_Driver/src/stm32f10x_dbgmcu.o
LOAD Output/Lib/STM32F10x_StdPeriph_Driver/src/stm32f10x_dma.o
LOAD Output/Lib/STM32F10x_StdPeriph_Driver/src/stm32f10x_exti.o
LOAD Output/Lib/STM32F10x_StdPeriph_Driver/src/stm32f10x_flash.o
LOAD Output/Lib/STM32F10x_StdPeriph_Driver/src/stm32f10x_fsmc.o
LOAD Output/Lib/STM32F10x_StdPeriph_Driver/src/stm32f10x_gpio.o
LOAD Output/Lib/STM32F10x_StdPeriph_Driver/src/stm32f10x_i2c.o
LOAD Output/Lib/STM32F10x_StdPeriph_Driver/src/stm32f10x_iwdg.o
LOAD Output/Lib/STM32F10x_StdPeriph_Driver/src/stm32f10x_pwr.o
LOAD Output/Lib/STM32F10x_StdPeriph_Driver/src/stm32f10x_rcc.o
LOAD Output/Lib/STM32F10x_StdPeriph_Driver/src/stm32f10x_rtc.o
LOAD Output/Lib/STM32F10x_StdPeriph_Driver/src/stm32f10x_sdio.o
LOAD Output/Lib/STM32F10x_StdPeriph_Driver/src/stm32f10x_spi.o
LOAD Output/Lib/STM32F10x_StdPeriph_Driver/src/stm32f10x_tim.o
LOAD Output/Lib/STM32F10x_StdPeriph_Driver/src/stm32f10x_usart.o
LOAD Output/Lib/STM32F10x_StdPeriph_Driver/src/stm32f10x_wwdg.o
LOAD Output/Lib/CMSIS/CM3/DeviceSupport/ST/STM32F10x/system_stm32f10x.o
LOAD Output/startup.o
START GROUP
LOAD g:/keilc/btlktvxl/bai1_xedieukhienble/car/tools/cygwin/gnu_arm_toolchain/10_2021_10/bin/../lib/gcc/arm-none-eabi/10.3.1/thumb/v7-m/nofp\libgcc.a
LOAD g:/keilc/btlktvxl/bai1_xedieukhienble/car/tools/cygwin/gnu_arm_toolchain/10_2021_10/bin/../lib/gcc/arm-none-eabi/10.3.1/../../../../arm-none-eabi/lib/thumb/v7-m/nofp\libc_nano.a
END GROUP
START GROUP
LOAD g:/keilc/btlktvxl/bai1_xedieukhienble/car/tools/cygwin/gnu_arm_toolchain/10_2021_10/bin/../lib/gcc/arm-none-eabi/10.3.1/thumb/v7-m/nofp\libgcc.a
LOAD g:/keilc/btlktvxl/bai1_xedieukhienble/car/tools/cygwin/gnu_arm_toolchain/10_2021_10/bin/../lib/gcc/arm-none-eabi/10.3.1/../../../../arm-none-eabi/lib/thumb/v7-m/nofp\libc_nano.a
END GROUP
LOAD g:/keilc/btlktvxl/bai1_xedieukhienble/car/tools/cygwin/gnu_arm_toolchain/10_2021_10/bin/../lib/gcc/arm-none-eabi/10.3.1/thumb/v7-m/nofp/crtend.o
LOAD g:/keilc/btlktvxl/bai1_xedieukhienble/car/tools/cygwin/gnu_arm_toolchain/10_2021_10/bin/../lib/gcc/arm-none-eabi/10.3.1/thumb/v7-m/nofp/crtn.o
                0x20005000                _estack = (ORIGIN (SRAM) + LENGTH (SRAM))

.isr_vector     0x08000000       0xec
                0x08000000                . = ALIGN (0x4)
 *(.isr_vector)
 .isr_vector    0x08000000       0xec Output/startup.o
                0x08000000                vector_table
                0x080000ec                . = ALIGN (0x4)

.text           0x080000ec     0x1fc4
                0x080000ec                . = ALIGN (0x4)
 *(.text*)
 .text.main     0x080000ec       0x3a Output/Src/main.o
                0x080000ec                main
 *fill*         0x08000126        0x2 
 .text._sbrk    0x08000128       0x3c Output/Src/syscalls.o
                0x08000128                _sbrk
 .text.System_Init
                0x08000164       0x24 Output/Src/system_init.o
                0x08000164                System_Init
 .text.App_Control_Init
                0x08000188        0xc Output/Application/app_control.o
                0x08000188                App_Control_Init
 .text.App_Control_Run
                0x08000194        0xc Output/Application/app_control.o
                0x08000194                App_Control_Run
 .text.App_Control_GetData
                0x080001a0       0x34 Output/Application/app_control.o
                0x080001a0                App_Control_GetData
 .text.App_Control_Execute
                0x080001d4       0x22 Output/Application/app_control.o
                0x080001d4                App_Control_Execute
 .text.App_LineSensor_Init
                0x080001f6        0xc Output/Application/app_line_sensor.o
                0x080001f6                App_LineSensor_Init
 .text.App_Maze_Run
                0x08000202       0x1a Output/Application/app_maze.o
                0x08000202                App_Maze_Run
 .text.App_Motor_Init
                0x0800021c        0xc Output/Application/app_motor.o
                0x0800021c                App_Motor_Init
 .text.App_Motor_Stop
                0x08000228        0xc Output/Application/app_motor.o
                0x08000228                App_Motor_Stop
 .text.App_Sensor_Init
                0x08000234        0xc Output/Application/app_sensor.o
                0x08000234                App_Sensor_Init
 .text.App_TIM3_Init_1ms
                0x08000240        0xc Output/Application/app_timer.o
                0x08000240                App_TIM3_Init_1ms
 .text.App_TIM4_Init_1us
                0x0800024c        0xc Output/Application/app_timer.o
                0x0800024c                App_TIM4_Init_1us
 .text.Ip_Bluetooth_Init
                0x08000258       0x16 Output/Ip/ip_bluetooth.o
                0x08000258                Ip_Bluetooth_Init
 .text.Ip_Bluetooth_Available
                0x0800026e        0xe Output/Ip/ip_bluetooth.o
                0x0800026e                Ip_Bluetooth_Available
 .text.Ip_Bluetooth_ReadChar
                0x0800027c        0xe Output/Ip/ip_bluetooth.o
                0x0800027c                Ip_Bluetooth_ReadChar
 .text.Ip_Control_Init
                0x0800028a       0x10 Output/Ip/ip_control.o
                0x0800028a                Ip_Control_Init
 *fill*         0x0800029a        0x2 
 .text.Ip_Control_Run
                0x0800029c       0xa0 Output/Ip/ip_control.o
                0x0800029c                Ip_Control_Run
 .text.Ip_Control_GetData
                0x0800033c       0x28 Output/Ip/ip_control.o
                0x0800033c                Ip_Control_GetData
 .text.Ip_Control_Execute
                0x08000364       0x94 Output/Ip/ip_control.o
                0x08000364                Ip_Control_Execute
 .text.Ip_GPIO_EnableClock
                0x080003f8       0x64 Output/Ip/ip_gpio.o
 .text.Ip_GPIO_Config_Output
                0x0800045c       0x80 Output/Ip/ip_gpio.o
                0x0800045c                Ip_GPIO_Config_Output
 .text.Ip_GPIO_Config_Input_PU
                0x080004dc       0x92 Output/Ip/ip_gpio.o
                0x080004dc                Ip_GPIO_Config_Input_PU
 .text.Ip_GPIO_Write_Pin
                0x0800056e       0x3e Output/Ip/ip_gpio.o
                0x0800056e                Ip_GPIO_Write_Pin
 .text.Ip_GPIO_Read
                0x080005ac       0x2e Output/Ip/ip_gpio.o
                0x080005ac                Ip_GPIO_Read
 *fill*         0x080005da        0x2 
 .text.Ip_LineSensor_Init
                0x080005dc       0x38 Output/Ip/ip_line_sensor.o
                0x080005dc                Ip_LineSensor_Init
 .text.Ip_LineSensor_ReadRaw
                0x08000614       0xa0 Output/Ip/ip_line_sensor.o
                0x08000614                Ip_LineSensor_ReadRaw
 .text.Ip_StableRead
                0x080006b4       0x26 Output/Ip/ip_maze.o
 .text.Ip_Turn_Left_90
                0x080006da       0x2c Output/Ip/ip_maze.o
 .text.Ip_Turn_Right_90
                0x08000706       0x2c Output/Ip/ip_maze.o
 .text.Ip_Turn_Back
                0x08000732       0x3c Output/Ip/ip_maze.o
 *fill*         0x0800076e        0x2 
 .text.Ip_Maze_Run
                0x08000770       0xc8 Output/Ip/ip_maze.o
                0x08000770                Ip_Maze_Run
 .text.Ip_Motor_Init
                0x08000838       0x34 Output/Ip/ip_motor.o
                0x08000838                Ip_Motor_Init
 .text.Ip_Motor_Forward
                0x0800086c       0x54 Output/Ip/ip_motor.o
                0x0800086c                Ip_Motor_Forward
 .text.Ip_Motor_Backward
                0x080008c0       0x54 Output/Ip/ip_motor.o
                0x080008c0                Ip_Motor_Backward
 .text.Ip_Motor_Left
                0x08000914       0x58 Output/Ip/ip_motor.o
                0x08000914                Ip_Motor_Left
 .text.Ip_Motor_Right
                0x0800096c       0x58 Output/Ip/ip_motor.o
                0x0800096c                Ip_Motor_Right
 .text.Ip_Motor_Stop
                0x080009c4       0x40 Output/Ip/ip_motor.o
                0x080009c4                Ip_Motor_Stop
 .text.Ip_PWM_Init
                0x08000a04       0xe4 Output/Ip/ip_pwm.o
                0x08000a04                Ip_PWM_Init
 .text.Ip_PWM_SetLeft
                0x08000ae8       0x2c Output/Ip/ip_pwm.o
                0x08000ae8                Ip_PWM_SetLeft
 .text.Ip_PWM_SetRight
                0x08000b14       0x30 Output/Ip/ip_pwm.o
                0x08000b14                Ip_PWM_SetRight
 .text.NVIC_EnableIRQ
                0x08000b44       0x30 Output/Ip/ip_sensor.o
 .text.Ip_EXTI_Config
                0x08000b74       0x8c Output/Ip/ip_sensor.o
 .text.Ip_Sensor_Init
                0x08000c00       0x28 Output/Ip/ip_sensor.o
                0x08000c00                Ip_Sensor_Init
 .text.Ip_Sensor_Trigger
                0x08000c28       0x28 Output/Ip/ip_sensor.o
                0x08000c28                Ip_Sensor_Trigger
 .text.Ip_Sensor_GetFront
                0x08000c50       0x18 Output/Ip/ip_sensor.o
                0x08000c50                Ip_Sensor_GetFront
 .text.EXTI9_5_IRQHandler
                0x08000c68       0x8c Output/Ip/ip_sensor.o
                0x08000c68                EXTI9_5_IRQHandler
 .text.NVIC_EnableIRQ
                0x08000cf4       0x30 Output/Ip/ip_timer.o
 .text.Ip_TIM3_Init_1ms
                0x08000d24       0x58 Output/Ip/ip_timer.o
                0x08000d24                Ip_TIM3_Init_1ms
 .text.TIM3_IRQHandler
                0x08000d7c       0x3c Output/Ip/ip_timer.o
                0x08000d7c                TIM3_IRQHandler
 .text.Ip_GetTickMs
                0x08000db8       0x14 Output/Ip/ip_timer.o
                0x08000db8                Ip_GetTickMs
 .text.Ip_Delay_ms
                0x08000dcc       0x2a Output/Ip/ip_timer.o
                0x08000dcc                Ip_Delay_ms
 *fill*         0x08000df6        0x2 
 .text.Ip_TIM4_Init_1us
                0x08000df8       0x44 Output/Ip/ip_timer.o
                0x08000df8                Ip_TIM4_Init_1us
 .text.Ip_Delay_us
                0x08000e3c       0x30 Output/Ip/ip_timer.o
                0x08000e3c                Ip_Delay_us
 .text.Ip_UART1_Init
                0x08000e6c       0xb4 Output/Ip/ip_uart.o
                0x08000e6c                Ip_UART1_Init
 .text.Ip_UART1_Available
                0x08000f20       0x2c Output/Ip/ip_uart.o
                0x08000f20                Ip_UART1_Available
 .text.Ip_UART1_ReadChar
                0x08000f4c       0x5c Output/Ip/ip_uart.o
                0x08000f4c                Ip_UART1_ReadChar
 .text.USART1_IRQHandler
                0x08000fa8       0x88 Output/Ip/ip_uart.o
                0x08000fa8                USART1_IRQHandler
 .text.Mid_Control_Init
                0x08001030        0xc Output/Middleware/mid_control.o
                0x08001030                Mid_Control_Init
 .text.Mid_Control_Run
                0x0800103c        0xc Output/Middleware/mid_control.o
                0x0800103c                Mid_Control_Run
 .text.Mid_Control_GetData
                0x08001048       0x34 Output/Middleware/mid_control.o
                0x08001048                Mid_Control_GetData
 .text.Mid_Control_Execute
                0x0800107c       0x22 Output/Middleware/mid_control.o
                0x0800107c                Mid_Control_Execute
 .text.Mid_LineSensor_Init
                0x0800109e        0xc Output/Middleware/mid_line_sensor.o
                0x0800109e                Mid_LineSensor_Init
 .text.Mid_Maze_Run
                0x080010aa       0x1a Output/Middleware/mid_maze.o
                0x080010aa                Mid_Maze_Run
 .text.Mid_Motor_Init
                0x080010c4        0xc Output/Middleware/mid_motor.o
                0x080010c4                Mid_Motor_Init
 .text.Mid_Motor_Stop
                0x080010d0        0xc Output/Middleware/mid_motor.o
                0x080010d0                Mid_Motor_Stop
 .text.Mid_Sensor_Init
                0x080010dc        0xc Output/Middleware/mid_sensor.o
                0x080010dc                Mid_Sensor_Init
 .text.Mid_TIM3_Init_1ms
                0x080010e8        0xc Output/Middleware/mid_timer.o
                0x080010e8                Mid_TIM3_Init_1ms
 .text.Mid_TIM4_Init_1us
                0x080010f4        0xc Output/Middleware/mid_timer.o
                0x080010f4                Mid_TIM4_Init_1us
 .text.SystemInit
                0x08001100       0x68 Output/Lib/CMSIS/CM3/DeviceSupport/ST/STM32F10x/system_stm32f10x.o
                0x08001100                SystemInit
 .text.SetSysClock
                0x08001168        0xc Output/Lib/CMSIS/CM3/DeviceSupport/ST/STM32F10x/system_stm32f10x.o
 .text.SetSysClockTo72
                0x08001174      0x100 Output/Lib/CMSIS/CM3/DeviceSupport/ST/STM32F10x/system_stm32f10x.o
 .text          0x08001274       0x68 Output/startup.o
                0x08001274                Reset_Handler
                0x080012d4                EXTI2_IRQHandler
                0x080012d4                DebugMon_Handler
                0x080012d4                TIM1_CC_IRQHandler
                0x080012d4                HardFault_Handler
                0x080012d4                SysTick_Handler
                0x080012d4                PVD_IRQHandler
                0x080012d4                PendSV_Handler
                0x080012d4                NMI_Handler
                0x080012d4                EXTI3_IRQHandler
                0x080012d4                EXTI0_IRQHandler
                0x080012d4                I2C2_EV_IRQHandler
                0x080012d4                UsageFault_Handler
                0x080012d4                ADC1_2_IRQHandler
                0x080012d4                SPI1_IRQHandler
                0x080012d4                TAMPER_IRQHandler
                0x080012d4                DMA1_Channel4_IRQHandler
                0x080012d4                USART3_IRQHandler
                0x080012d4                RTC_IRQHandler
                0x080012d4                DMA1_Channel7_IRQHandler
                0x080012d4                RTC_Alarm_IRQHandler
                0x080012d4                CAN1_RX1_IRQHandler
                0x080012d4                TIM4_IRQHandler
                0x080012d4                I2C1_EV_IRQHandler
                0x080012d4                DMA1_Channel6_IRQHandler
                0x080012d4                RCC_IRQHandler
                0x080012d4                TIM1_TRG_COM_IRQHandler
                0x080012d4                DMA1_Channel1_IRQHandler
                0x080012d4                Default_Handler
                0x080012d4                EXTI15_10_IRQHandler
                0x080012d4                SPI2_IRQHandler
                0x080012d4                MemManage_Handler
                0x080012d4                SVC_Handler
                0x080012d4                DMA1_Channel5_IRQHandler
                0x080012d4                EXTI4_IRQHandler
                0x080012d4                USB_LP_CAN1_RX0_IRQHandler
                0x080012d4                USB_HP_CAN1_TX_IRQHandler
                0x080012d4                DMA1_Channel3_IRQHandler
                0x080012d4                TIM1_UP_IRQHandler
                0x080012d4                WWDG_IRQHandler
                0x080012d4                TIM2_IRQHandler
                0x080012d4                TIM1_BRK_IRQHandler
                0x080012d4                EXTI1_IRQHandler
                0x080012d4                USART2_IRQHandler
                0x080012d4                I2C2_ER_IRQHandler
                0x080012d4                DMA1_Channel2_IRQHandler
                0x080012d4                CAN1_SCE_IRQHandler
                0x080012d4                FLASH_IRQHandler
                0x080012d4                BusFault_Handler
                0x080012d4                I2C1_ER_IRQHandler
                0x080012d4                USBWakeUp_IRQHandler
 .text.__errno  0x080012dc        0xc g:/keilc/btlktvxl/bai1_xedieukhienble/car/tools/cygwin/gnu_arm_toolchain/10_2021_10/bin/../lib/gcc/arm-none-eabi/10.3.1/../../../../arm-none-eabi/lib/thumb/v7-m/nofp\libc_nano.a(lib_a-errno.o)
                0x080012dc                __errno
 .text.sscanf   0x080012e8       0x54 g:/keilc/btlktvxl/bai1_xedieukhienble/car/tools/cygwin/gnu_arm_toolchain/10_2021_10/bin/../lib/gcc/arm-none-eabi/10.3.1/../../../../arm-none-eabi/lib/thumb/v7-m/nofp\libc_nano.a(lib_a-sscanf.o)
                0x080012e8                siscanf
                0x080012e8                sscanf
 .text.__seofread
                0x0800133c        0x4 g:/keilc/btlktvxl/bai1_xedieukhienble/car/tools/cygwin/gnu_arm_toolchain/10_2021_10/bin/../lib/gcc/arm-none-eabi/10.3.1/../../../../arm-none-eabi/lib/thumb/v7-m/nofp\libc_nano.a(lib_a-stdio.o)
                0x0800133c                __seofread
 .text          0x08001340       0x10 g:/keilc/btlktvxl/bai1_xedieukhienble/car/tools/cygwin/gnu_arm_toolchain/10_2021_10/bin/../lib/gcc/arm-none-eabi/10.3.1/../../../../arm-none-eabi/lib/thumb/v7-m/nofp\libc_nano.a(lib_a-strlen.o)
                0x08001340                strlen
 .text._sungetc_r
                0x08001350       0x7a g:/keilc/btlktvxl/bai1_xedieukhienble/car/tools/cygwin/gnu_arm_toolchain/10_2021_10/bin/../lib/gcc/arm-none-eabi/10.3.1/../../../../arm-none-eabi/lib/thumb/v7-m/nofp\libc_nano.a(lib_a-nano-svfscanf.o)
                0x08001350                _sungetc_r
 .text.__ssrefill_r
                0x080013ca       0x3a g:/keilc/btlktvxl/bai1_xedieukhienble/car/tools/cygwin/gnu_arm_toolchain/10_2021_10/bin/../lib/gcc/arm-none-eabi/10.3.1/../../../../arm-none-eabi/lib/thumb/v7-m/nofp\libc_nano.a(lib_a-nano-svfscanf.o)
                0x080013ca                __ssrefill_r
 .text.__ssvfscanf_r
                0x08001404      0x2f4 g:/keilc/btlktvxl/bai1_xedieukhienble/car/tools/cygwin/gnu_arm_toolchain/10_2021_10/bin/../lib/gcc/arm-none-eabi/10.3.1/../../../../arm-none-eabi/lib/thumb/v7-m/nofp\libc_nano.a(lib_a-nano-svfscanf.o)
                0x08001404                __ssvfiscanf_r
                0x08001404                __ssvfscanf_r
 .text._scanf_chars
                0x080016f8       0xb4 g:/keilc/btlktvxl/bai1_xedieukhienble/car/tools/cygwin/gnu_arm_toolchain/10_2021_10/bin/../lib/gcc/arm-none-eabi/10.3.1/../../../../arm-none-eabi/lib/thumb/v7-m/nofp\libc_nano.a(lib_a-nano-vfscanf_i.o)
                0x080016f8                _scanf_chars
 .text._scanf_i
                0x080017ac      0x1f0 g:/keilc/btlktvxl/bai1_xedieukhienble/car/tools/cygwin/gnu_arm_toolchain/10_2021_10/bin/../lib/gcc/arm-none-eabi/10.3.1/../../../../arm-none-eabi/lib/thumb/v7-m/nofp\libc_nano.a(lib_a-nano-vfscanf_i.o)
                0x080017ac                _scanf_i
 .text.__sccl   0x0800199c       0x70 g:/keilc/btlktvxl/bai1_xedieukhienble/car/tools/cygwin/gnu_arm_toolchain/10_2021_10/bin/../lib/gcc/arm-none-eabi/10.3.1/../../../../arm-none-eabi/lib/thumb/v7-m/nofp\libc_nano.a(lib_a-sccl.o)
                0x0800199c                __sccl
 .text._strtol_l.constprop.0
                0x08001a0c       0xf8 g:/keilc/btlktvxl/bai1_xedieukhienble/car/tools/cygwin/gnu_arm_toolchain/10_2021_10/bin/../lib/gcc/arm-none-eabi/10.3.1/../../../../arm-none-eabi/lib/thumb/v7-m/nofp\libc_nano.a(lib_a-strtol.o)
 .text._strtol_r
                0x08001b04        0x4 g:/keilc/btlktvxl/bai1_xedieukhienble/car/tools/cygwin/gnu_arm_toolchain/10_2021_10/bin/../lib/gcc/arm-none-eabi/10.3.1/../../../../arm-none-eabi/lib/thumb/v7-m/nofp\libc_nano.a(lib_a-strtol.o)
                0x08001b04                _strtol_r
 .text._strtoul_l.constprop.0
                0x08001b08       0xe4 g:/keilc/btlktvxl/bai1_xedieukhienble/car/tools/cygwin/gnu_arm_toolchain/10_2021_10/bin/../lib/gcc/arm-none-eabi/10.3.1/../../../../arm-none-eabi/lib/thumb/v7-m/nofp\libc_nano.a(lib_a-strtoul.o)
 .text._strtoul_r
                0x08001bec        0x4 g:/keilc/btlktvxl/bai1_xedieukhienble/car/tools/cygwin/gnu_arm_toolchain/10_2021_10/bin/../lib/gcc/arm-none-eabi/10.3.1/../../../../arm-none-eabi/lib/thumb/v7-m/nofp\libc_nano.a(lib_a-strtoul.o)
                0x08001bec                _strtoul_r
 .text.__submore
                0x08001bf0       0x70 g:/keilc/btlktvxl/bai1_xedieukhienble/car/tools/cygwin/gnu_arm_toolchain/10_2021_10/bin/../lib/gcc/arm-none-eabi/10.3.1/../../../../arm-none-eabi/lib/thumb/v7-m/nofp\libc_nano.a(lib_a-ungetc.o)
                0x08001bf0                __submore
 .text.__retarget_lock_acquire_recursive
                0x08001c60        0x2 g:/keilc/btlktvxl/bai1_xedieukhienble/car/tools/cygwin/gnu_arm_toolchain/10_2021_10/bin/../lib/gcc/arm-none-eabi/10.3.1/../../../../arm-none-eabi/lib/thumb/v7-m/nofp\libc_nano.a(lib_a-lock.o)
                0x08001c60                __retarget_lock_acquire_recursive
 .text.__retarget_lock_release_recursive
                0x08001c62        0x2 g:/keilc/btlktvxl/bai1_xedieukhienble/car/tools/cygwin/gnu_arm_toolchain/10_2021_10/bin/../lib/gcc/arm-none-eabi/10.3.1/../../../../arm-none-eabi/lib/thumb/v7-m/nofp\libc_nano.a(lib_a-lock.o)
                0x08001c62                __retarget_lock_release_recursive
 .text.memchr   0x08001c64       0x1c g:/keilc/btlktvxl/bai1_xedieukhienble/car/tools/cygwin/gnu_arm_toolchain/10_2021_10/bin/../lib/gcc/arm-none-eabi/10.3.1/../../../../arm-none-eabi/lib/thumb/v7-m/nofp\libc_nano.a(lib_a-memchr-stub.o)
                0x08001c64                memchr
 .text.memcpy   0x08001c80       0x1c g:/keilc/btlktvxl/bai1_xedieukhienble/car/tools/cygwin/gnu_arm_toolchain/10_2021_10/bin/../lib/gcc/arm-none-eabi/10.3.1/../../../../arm-none-eabi/lib/thumb/v7-m/nofp\libc_nano.a(lib_a-memcpy-stub.o)
                0x08001c80                memcpy
 .text._free_r  0x08001c9c       0x90 g:/keilc/btlktvxl/bai1_xedieukhienble/car/tools/cygwin/gnu_arm_toolchain/10_2021_10/bin/../lib/gcc/arm-none-eabi/10.3.1/../../../../arm-none-eabi/lib/thumb/v7-m/nofp\libc_nano.a(lib_a-nano-freer.o)
                0x08001c9c                _free_r
 .text.sbrk_aligned
                0x08001d2c       0x40 g:/keilc/btlktvxl/bai1_xedieukhienble/car/tools/cygwin/gnu_arm_toolchain/10_2021_10/bin/../lib/gcc/arm-none-eabi/10.3.1/../../../../arm-none-eabi/lib/thumb/v7-m/nofp\libc_nano.a(lib_a-nano-mallocr.o)
 .text._malloc_r
                0x08001d6c       0xe8 g:/keilc/btlktvxl/bai1_xedieukhienble/car/tools/cygwin/gnu_arm_toolchain/10_2021_10/bin/../lib/gcc/arm-none-eabi/10.3.1/../../../../arm-none-eabi/lib/thumb/v7-m/nofp\libc_nano.a(lib_a-nano-mallocr.o)
                0x08001d6c                _malloc_r
 .text._realloc_r
                0x08001e54       0x5e g:/keilc/btlktvxl/bai1_xedieukhienble/car/tools/cygwin/gnu_arm_toolchain/10_2021_10/bin/../lib/gcc/arm-none-eabi/10.3.1/../../../../arm-none-eabi/lib/thumb/v7-m/nofp\libc_nano.a(lib_a-nano-reallocr.o)
                0x08001e54                _realloc_r
 *fill*         0x08001eb2        0x2 
 .text._sbrk_r  0x08001eb4       0x20 g:/keilc/btlktvxl/bai1_xedieukhienble/car/tools/cygwin/gnu_arm_toolchain/10_2021_10/bin/../lib/gcc/arm-none-eabi/10.3.1/../../../../arm-none-eabi/lib/thumb/v7-m/nofp\libc_nano.a(lib_a-sbrkr.o)
                0x08001eb4                _sbrk_r
 .text.__malloc_lock
                0x08001ed4        0xc g:/keilc/btlktvxl/bai1_xedieukhienble/car/tools/cygwin/gnu_arm_toolchain/10_2021_10/bin/../lib/gcc/arm-none-eabi/10.3.1/../../../../arm-none-eabi/lib/thumb/v7-m/nofp\libc_nano.a(lib_a-mlock.o)
                0x08001ed4                __malloc_lock
 .text.__malloc_unlock
                0x08001ee0        0xc g:/keilc/btlktvxl/bai1_xedieukhienble/car/tools/cygwin/gnu_arm_toolchain/10_2021_10/bin/../lib/gcc/arm-none-eabi/10.3.1/../../../../arm-none-eabi/lib/thumb/v7-m/nofp\libc_nano.a(lib_a-mlock.o)
                0x08001ee0                __malloc_unlock
 .text._malloc_usable_size_r
                0x08001eec       0x10 g:/keilc/btlktvxl/bai1_xedieukhienble/car/tools/cygwin/gnu_arm_toolchain/10_2021_10/bin/../lib/gcc/arm-none-eabi/10.3.1/../../../../arm-none-eabi/lib/thumb/v7-m/nofp\libc_nano.a(lib_a-nano-msizer.o)
                0x08001eec                _malloc_usable_size_r
 *(.rodata*)
 .rodata        0x08001efc        0xc Output/Ip/ip_control.o
 .rodata.__ssvfscanf_r.str1.1
                0x08001f08        0x4 g:/keilc/btlktvxl/bai1_xedieukhienble/car/tools/cygwin/gnu_arm_toolchain/10_2021_10/bin/../lib/gcc/arm-none-eabi/10.3.1/../../../../arm-none-eabi/lib/thumb/v7-m/nofp\libc_nano.a(lib_a-nano-svfscanf.o)
 .rodata.str1.1
                0x08001f0c        0x9 g:/keilc/btlktvxl/bai1_xedieukhienble/car/tools/cygwin/gnu_arm_toolchain/10_2021_10/bin/../lib/gcc/arm-none-eabi/10.3.1/../../../../arm-none-eabi/lib/thumb/v7-m/nofp\libc_nano.a(lib_a-nano-vfscanf_i.o)
 .rodata._scanf_i.str1.1
                0x08001f15       0x12 g:/keilc/btlktvxl/bai1_xedieukhienble/car/tools/cygwin/gnu_arm_toolchain/10_2021_10/bin/../lib/gcc/arm-none-eabi/10.3.1/../../../../arm-none-eabi/lib/thumb/v7-m/nofp\libc_nano.a(lib_a-nano-vfscanf_i.o)
 *fill*         0x08001f27        0x1 
 .rodata        0x08001f28        0xc g:/keilc/btlktvxl/bai1_xedieukhienble/car/tools/cygwin/gnu_arm_toolchain/10_2021_10/bin/../lib/gcc/arm-none-eabi/10.3.1/../../../../arm-none-eabi/lib/thumb/v7-m/nofp\libc_nano.a(lib_a-nano-vfscanf_i.o)
 .rodata._ctype_
                0x08001f34      0x101 g:/keilc/btlktvxl/bai1_xedieukhienble/car/tools/cygwin/gnu_arm_toolchain/10_2021_10/bin/../lib/gcc/arm-none-eabi/10.3.1/../../../../arm-none-eabi/lib/thumb/v7-m/nofp\libc_nano.a(lib_a-ctype_.o)
                0x08001f34                _ctype_
 *fill*         0x08002035        0x3 
 .rodata.__sf_fake_stderr
                0x08002038       0x20 g:/keilc/btlktvxl/bai1_xedieukhienble/car/tools/cygwin/gnu_arm_toolchain/10_2021_10/bin/../lib/gcc/arm-none-eabi/10.3.1/../../../../arm-none-eabi/lib/thumb/v7-m/nofp\libc_nano.a(lib_a-findfp.o)
                0x08002038                __sf_fake_stderr
 .rodata.__sf_fake_stdin
                0x08002058       0x20 g:/keilc/btlktvxl/bai1_xedieukhienble/car/tools/cygwin/gnu_arm_toolchain/10_2021_10/bin/../lib/gcc/arm-none-eabi/10.3.1/../../../../arm-none-eabi/lib/thumb/v7-m/nofp\libc_nano.a(lib_a-findfp.o)
                0x08002058                __sf_fake_stdin
 .rodata.__sf_fake_stdout
                0x08002078       0x20 g:/keilc/btlktvxl/bai1_xedieukhienble/car/tools/cygwin/gnu_arm_toolchain/10_2021_10/bin/../lib/gcc/arm-none-eabi/10.3.1/../../../../arm-none-eabi/lib/thumb/v7-m/nofp\libc_nano.a(lib_a-findfp.o)
                0x08002078                __sf_fake_stdout
 *(.glue_7)
 .glue_7        0x08002098        0x0 linker stubs
 *(.glue_7t)
 .glue_7t       0x08002098        0x0 linker stubs
 *(.init)
 .init          0x08002098        0x4 g:/keilc/btlktvxl/bai1_xedieukhienble/car/tools/cygwin/gnu_arm_toolchain/10_2021_10/bin/../lib/gcc/arm-none-eabi/10.3.1/thumb/v7-m/nofp/crti.o
                0x08002098                _init
 .init          0x0800209c        0x8 g:/keilc/btlktvxl/bai1_xedieukhienble/car/tools/cygwin/gnu_arm_toolchain/10_2021_10/bin/../lib/gcc/arm-none-eabi/10.3.1/thumb/v7-m/nofp/crtn.o
 *(.fini)
 .fini          0x080020a4        0x4 g:/keilc/btlktvxl/bai1_xedieukhienble/car/tools/cygwin/gnu_arm_toolchain/10_2021_10/bin/../lib/gcc/arm-none-eabi/10.3.1/thumb/v7-m/nofp/crti.o
                0x080020a4                _fini
 .fini          0x080020a8        0x8 g:/keilc/btlktvxl/bai1_xedieukhienble/car/tools/cygwin/gnu_arm_toolchain/10_2021_10/bin/../lib/gcc/arm-none-eabi/10.3.1/thumb/v7-m/nofp/crtn.o
                0x080020b0                . = ALIGN (0x4)
                0x080020b0                _etext = .

.vfp11_veneer   0x080020b0        0x0
 .vfp11_veneer  0x080020b0        0x0 linker stubs

.v4_bx          0x080020b0        0x0
 .v4_bx         0x080020b0        0x0 linker stubs

.iplt           0x080020b0        0x0
 .iplt          0x080020b0        0x0 Output/Src/main.o

.rel.dyn        0x080020b0        0x0
 .rel.iplt      0x080020b0        0x0 Output/Src/main.o

.ARM.extab
 *(.ARM.extab*)

.ARM.exidx      0x080020b0        0x0
                0x080020b0                __exidx_start = .
 *(.ARM.exidx*)
                0x080020b0                __exidx_end = .
                0x080020b0                _sidata = LOADADDR (.data)

.data           0x20000000       0x6c load address 0x080020b0
                0x20000000                . = ALIGN (0x4)
                0x20000000                _sdata = .
 *(.data*)
 .data.g_control
                0x20000000        0x4 Output/Ip/ip_control.o
 .data.SystemCoreClock
                0x20000004        0x4 Output/Lib/CMSIS/CM3/DeviceSupport/ST/STM32F10x/system_stm32f10x.o
                0x20000004                SystemCoreClock
 .data._impure_ptr
                0x20000008        0x4 g:/keilc/btlktvxl/bai1_xedieukhienble/car/tools/cygwin/gnu_arm_toolchain/10_2021_10/bin/../lib/gcc/arm-none-eabi/10.3.1/../../../../arm-none-eabi/lib/thumb/v7-m/nofp\libc_nano.a(lib_a-impure.o)
                0x20000008                _impure_ptr
 .data.impure_data
                0x2000000c       0x60 g:/keilc/btlktvxl/bai1_xedieukhienble/car/tools/cygwin/gnu_arm_toolchain/10_2021_10/bin/../lib/gcc/arm-none-eabi/10.3.1/../../../../arm-none-eabi/lib/thumb/v7-m/nofp\libc_nano.a(lib_a-impure.o)
                0x2000006c                . = ALIGN (0x4)
                0x2000006c                _edata = .

.igot.plt       0x2000006c        0x0 load address 0x0800211c
 .igot.plt      0x2000006c        0x0 Output/Src/main.o

.bss            0x2000006c       0x80 load address 0x0800211c
                0x2000006c                . = ALIGN (0x4)
                0x2000006c                _sbss = .
 *(.bss*)
 .bss.heap_end.0
                0x2000006c        0x4 Output/Src/syscalls.o
 .bss.idx.1     0x20000070        0x1 Output/Ip/ip_control.o
 *fill*         0x20000071        0x3 
 .bss.frame.0   0x20000074       0x14 Output/Ip/ip_control.o
 .bss.last_sr05.0
                0x20000088        0x4 Output/Ip/ip_maze.o
 .bss.rise_time
                0x2000008c        0x4 Output/Ip/ip_sensor.o
 .bss.distance_cm
                0x20000090        0x2 Output/Ip/ip_sensor.o
 *fill*         0x20000092        0x2 
 .bss.g_tick_ms
                0x20000094        0x4 Output/Ip/ip_timer.o
 .bss.rx_buffer
                0x20000098       0x40 Output/Ip/ip_uart.o
 .bss.rx_head   0x200000d8        0x1 Output/Ip/ip_uart.o
 .bss.rx_tail   0x200000d9        0x1 Output/Ip/ip_uart.o
 *fill*         0x200000da        0x2 
 .bss.errno     0x200000dc        0x4 g:/keilc/btlktvxl/bai1_xedieukhienble/car/tools/cygwin/gnu_arm_toolchain/10_2021_10/bin/../lib/gcc/arm-none-eabi/10.3.1/../../../../arm-none-eabi/lib/thumb/v7-m/nofp\libc_nano.a(lib_a-reent.o)
                0x200000dc                errno
 .bss.__lock___malloc_recursive_mutex
                0x200000e0        0x1 g:/keilc/btlktvxl/bai1_xedieukhienble/car/tools/cygwin/gnu_arm_toolchain/10_2021_10/bin/../lib/gcc/arm-none-eabi/10.3.1/../../../../arm-none-eabi/lib/thumb/v7-m/nofp\libc_nano.a(lib_a-lock.o)
                0x200000e0                __lock___malloc_recursive_mutex
 *fill*         0x200000e1        0x3 
 .bss.__malloc_free_list
                0x200000e4        0x4 g:/keilc/btlktvxl/bai1_xedieukhienble/car/tools/cygwin/gnu_arm_toolchain/10_2021_10/bin/../lib/gcc/arm-none-eabi/10.3.1/../../../../arm-none-eabi/lib/thumb/v7-m/nofp\libc_nano.a(lib_a-nano-mallocr.o)
                0x200000e4                __malloc_free_list
 .bss.__malloc_sbrk_start
                0x200000e8        0x4 g:/keilc/btlktvxl/bai1_xedieukhienble/car/tools/cygwin/gnu_arm_toolchain/10_2021_10/bin/../lib/gcc/arm-none-eabi/10.3.1/../../../../arm-none-eabi/lib/thumb/v7-m/nofp\libc_nano.a(lib_a-nano-mallocr.o)
                0x200000e8                __malloc_sbrk_start
 *(COMMON)
                0x200000ec                . = ALIGN (0x4)
                0x200000ec                _ebss = .
                0x200000ec                . = ALIGN (0x4)
                0x200000ec                _end = .
OUTPUT(Output/Xedieukhien_BLE.elf elf32-littlearm)
LOAD linker stubs

.ARM.attributes
                0x00000000       0x29
 .ARM.attributes
                0x00000000       0x1d g:/keilc/btlktvxl/bai1_xedieukhienble/car/tools/cygwin/gnu_arm_toolchain/10_2021_10/bin/../lib/gcc/arm-none-eabi/10.3.1/thumb/v7-m/nofp/crti.o
 .ARM.attributes
                0x0000001d       0x2d Output/Src/main.o
 .ARM.attributes
                0x0000004a       0x2d Output/Src/syscalls.o
 .ARM.attributes
                0x00000077       0x2d Output/Src/system_init.o
 .ARM.attributes
                0x000000a4       0x2d Output/Application/app_control.o
 .ARM.attributes
                0x000000d1       0x2d Output/Application/app_line_sensor.o
 .ARM.attributes
                0x000000fe       0x2d Output/Application/app_maze.o
 .ARM.attributes
                0x0000012b       0x2d Output/Application/app_motor.o
 .ARM.attributes
                0x00000158       0x2d Output/Application/app_sensor.o
 .ARM.attributes
                0x00000185       0x2d Output/Application/app_timer.o
 .ARM.attributes
                0x000001b2       0x2d Output/Ip/ip_bluetooth.o
 .ARM.attributes
                0x000001df       0x2d Output/Ip/ip_control.o
 .ARM.attributes
                0x0000020c       0x2d Output/Ip/ip_gpio.o
 .ARM.attributes
                0x00000239       0x2d Output/Ip/ip_line_sensor.o
 .ARM.attributes
                0x00000266       0x2d Output/Ip/ip_maze.o
 .ARM.attributes
                0x00000293       0x2d Output/Ip/ip_motor.o
 .ARM.attributes
                0x000002c0       0x2d Output/Ip/ip_pwm.o
 .ARM.attributes
                0x000002ed       0x2d Output/Ip/ip_sensor.o
 .ARM.attributes
                0x0000031a       0x2d Output/Ip/ip_timer.o
 .ARM.attributes
                0x00000347       0x2d Output/Ip/ip_uart.o
 .ARM.attributes
                0x00000374       0x2d Output/Middleware/mid_control.o
 .ARM.attributes
                0x000003a1       0x2d Output/Middleware/mid_line_sensor.o
 .ARM.attributes
                0x000003ce       0x2d Output/Middleware/mid_maze.o
 .ARM.attributes
                0x000003fb       0x2d Output/Middleware/mid_motor.o
 .ARM.attributes
                0x00000428       0x2d Output/Middleware/mid_sensor.o
 .ARM.attributes
                0x00000455       0x2d Output/Middleware/mid_timer.o
 .ARM.attributes
                0x00000482       0x2d Output/Lib/CMSIS/CM3/DeviceSupport/ST/STM32F10x/system_stm32f10x.o
 .ARM.attributes
                0x000004af       0x2d Output/startup.o
 .ARM.attributes
                0x000004dc       0x2d g:/keilc/btlktvxl/bai1_xedieukhienble/car/tools/cygwin/gnu_arm_toolchain/10_2021_10/bin/../lib/gcc/arm-none-eabi/10.3.1/../../../../arm-none-eabi/lib/thumb/v7-m/nofp\libc_nano.a(lib_a-errno.o)
 .ARM.attributes
                0x00000509       0x2d g:/keilc/btlktvxl/bai1_xedieukhienble/car/tools/cygwin/gnu_arm_toolchain/10_2021_10/bin/../lib/gcc/arm-none-eabi/10.3.1/../../../../arm-none-eabi/lib/thumb/v7-m/nofp\libc_nano.a(lib_a-impure.o)
 .ARM.attributes
                0x00000536       0x2d g:/keilc/btlktvxl/bai1_xedieukhienble/car/tools/cygwin/gnu_arm_toolchain/10_2021_10/bin/../lib/gcc/arm-none-eabi/10.3.1/../../../../arm-none-eabi/lib/thumb/v7-m/nofp\libc_nano.a(lib_a-sscanf.o)
 .ARM.attributes
                0x00000563       0x2d g:/keilc/btlktvxl/bai1_xedieukhienble/car/tools/cygwin/gnu_arm_toolchain/10_2021_10/bin/../lib/gcc/arm-none-eabi/10.3.1/../../../../arm-none-eabi/lib/thumb/v7-m/nofp\libc_nano.a(lib_a-stdio.o)
 .ARM.attributes
                0x00000590       0x17 g:/keilc/btlktvxl/bai1_xedieukhienble/car/tools/cygwin/gnu_arm_toolchain/10_2021_10/bin/../lib/gcc/arm-none-eabi/10.3.1/../../../../arm-none-eabi/lib/thumb/v7-m/nofp\libc_nano.a(lib_a-strlen.o)
 .ARM.attributes
                0x000005a7       0x2d g:/keilc/btlktvxl/bai1_xedieukhienble/car/tools/cygwin/gnu_arm_toolchain/10_2021_10/bin/../lib/gcc/arm-none-eabi/10.3.1/../../../../arm-none-eabi/lib/thumb/v7-m/nofp\libc_nano.a(lib_a-nano-svfscanf.o)
 .ARM.attributes
                0x000005d4       0x2d g:/keilc/btlktvxl/bai1_xedieukhienble/car/tools/cygwin/gnu_arm_toolchain/10_2021_10/bin/../lib/gcc/arm-none-eabi/10.3.1/../../../../arm-none-eabi/lib/thumb/v7-m/nofp\libc_nano.a(lib_a-nano-vfscanf_i.o)
 .ARM.attributes
                0x00000601       0x2d g:/keilc/btlktvxl/bai1_xedieukhienble/car/tools/cygwin/gnu_arm_toolchain/10_2021_10/bin/../lib/gcc/arm-none-eabi/10.3.1/../../../../arm-none-eabi/lib/thumb/v7-m/nofp\libc_nano.a(lib_a-reent.o)
 .ARM.attributes
                0x0000062e       0x2d g:/keilc/btlktvxl/bai1_xedieukhienble/car/tools/cygwin/gnu_arm_toolchain/10_2021_10/bin/../lib/gcc/arm-none-eabi/10.3.1/../../../../arm-none-eabi/lib/thumb/v7-m/nofp\libc_nano.a(lib_a-sccl.o)
 .ARM.attributes
                0x0000065b       0x2d g:/keilc/btlktvxl/bai1_xedieukhienble/car/tools/cygwin/gnu_arm_toolchain/10_2021_10/bin/../lib/gcc/arm-none-eabi/10.3.1/../../../../arm-none-eabi/lib/thumb/v7-m/nofp\libc_nano.a(lib_a-strtol.o)
 .ARM.attributes
                0x00000688       0x2d g:/keilc/btlktvxl/bai1_xedieukhienble/car/tools/cygwin/gnu_arm_toolchain/10_2021_10/bin/../lib/gcc/arm-none-eabi/10.3.1/../../../../arm-none-eabi/lib/thumb/v7-m/nofp\libc_nano.a(lib_a-strtoul.o)
 .ARM.attributes
                0x000006b5       0x2d g:/keilc/btlktvxl/bai1_xedieukhienble/car/tools/cygwin/gnu_arm_toolchain/10_2021_10/bin/../lib/gcc/arm-none-eabi/10.3.1/../../../../arm-none-eabi/lib/thumb/v7-m/nofp\libc_nano.a(lib_a-ungetc.o)
 .ARM.attributes
                0x000006e2       0x2d g:/keilc/btlktvxl/bai1_xedieukhienble/car/tools/cygwin/gnu_arm_toolchain/10_2021_10/bin/../lib/gcc/arm-none-eabi/10.3.1/../../../../arm-none-eabi/lib/thumb/v7-m/nofp\libc_nano.a(lib_a-ctype_.o)
 .ARM.attributes
                0x0000070f       0x2d g:/keilc/btlktvxl/bai1_xedieukhienble/car/tools/cygwin/gnu_arm_toolchain/10_2021_10/bin/../lib/gcc/arm-none-eabi/10.3.1/../../../../arm-none-eabi/lib/thumb/v7-m/nofp\libc_nano.a(lib_a-findfp.o)
 .ARM.attributes
                0x0000073c       0x2d g:/keilc/btlktvxl/bai1_xedieukhienble/car/tools/cygwin/gnu_arm_toolchain/10_2021_10/bin/../lib/gcc/arm-none-eabi/10.3.1/../../../../arm-none-eabi/lib/thumb/v7-m/nofp\libc_nano.a(lib_a-lock.o)
 .ARM.attributes
                0x00000769       0x2d g:/keilc/btlktvxl/bai1_xedieukhienble/car/tools/cygwin/gnu_arm_toolchain/10_2021_10/bin/../lib/gcc/arm-none-eabi/10.3.1/../../../../arm-none-eabi/lib/thumb/v7-m/nofp\libc_nano.a(lib_a-memchr-stub.o)
 .ARM.attributes
                0x00000796       0x2d g:/keilc/btlktvxl/bai1_xedieukhienble/car/tools/cygwin/gnu_arm_toolchain/10_2021_10/bin/../lib/gcc/arm-none-eabi/10.3.1/../../../../arm-none-eabi/lib/thumb/v7-m/nofp\libc_nano.a(lib_a-memcpy-stub.o)
 .ARM.attributes
                0x000007c3       0x2d g:/keilc/btlktvxl/bai1_xedieukhienble/car/tools/cygwin/gnu_arm_toolchain/10_2021_10/bin/../lib/gcc/arm-none-eabi/10.3.1/../../../../arm-none-eabi/lib/thumb/v7-m/nofp\libc_nano.a(lib_a-nano-freer.o)
 .ARM.attributes
                0x000007f0       0x2d g:/keilc/btlktvxl/bai1_xedieukhienble/car/tools/cygwin/gnu_arm_toolchain/10_2021_10/bin/../lib/gcc/arm-none-eabi/10.3.1/../../../../arm-none-eabi/lib/thumb/v7-m/nofp\libc_nano.a(lib_a-nano-mallocr.o)
 .ARM.attributes
                0x0000081d       0x2d g:/keilc/btlktvxl/bai1_xedieukhienble/car/tools/cygwin/gnu_arm_toolchain/10_2021_10/bin/../lib/gcc/arm-none-eabi/10.3.1/../../../../arm-none-eabi/lib/thumb/v7-m/nofp\libc_nano.a(lib_a-nano-reallocr.o)
 .ARM.attributes
                0x0000084a       0x2d g:/keilc/btlktvxl/bai1_xedieukhienble/car/tools/cygwin/gnu_arm_toolchain/10_2021_10/bin/../lib/gcc/arm-none-eabi/10.3.1/../../../../arm-none-eabi/lib/thumb/v7-m/nofp\libc_nano.a(lib_a-sbrkr.o)
 .ARM.attributes
                0x00000877       0x2d g:/keilc/btlktvxl/bai1_xedieukhienble/car/tools/cygwin/gnu_arm_toolchain/10_2021_10/bin/../lib/gcc/arm-none-eabi/10.3.1/../../../../arm-none-eabi/lib/thumb/v7-m/nofp\libc_nano.a(lib_a-mlock.o)
 .ARM.attributes
                0x000008a4       0x2d g:/keilc/btlktvxl/bai1_xedieukhienble/car/tools/cygwin/gnu_arm_toolchain/10_2021_10/bin/../lib/gcc/arm-none-eabi/10.3.1/../../../../arm-none-eabi/lib/thumb/v7-m/nofp\libc_nano.a(lib_a-nano-msizer.o)
 .ARM.attributes
                0x000008d1       0x1d g:/keilc/btlktvxl/bai1_xedieukhienble/car/tools/cygwin/gnu_arm_toolchain/10_2021_10/bin/../lib/gcc/arm-none-eabi/10.3.1/thumb/v7-m/nofp/crtn.o

.comment        0x00000000       0x49
 .comment       0x00000000       0x49 Output/Src/main.o
                                 0x4a (size before relaxing)
 .comment       0x00000049       0x4a Output/Src/syscalls.o
 .comment       0x00000049       0x4a Output/Src/system_init.o
 .comment       0x00000049       0x4a Output/Application/app_control.o
 .comment       0x00000049       0x4a Output/Application/app_line_sensor.o
 .comment       0x00000049       0x4a Output/Application/app_maze.o
 .comment       0x00000049       0x4a Output/Application/app_motor.o
 .comment       0x00000049       0x4a Output/Application/app_sensor.o
 .comment       0x00000049       0x4a Output/Application/app_timer.o
 .comment       0x00000049       0x4a Output/Ip/ip_bluetooth.o
 .comment       0x00000049       0x4a Output/Ip/ip_control.o
 .comment       0x00000049       0x4a Output/Ip/ip_gpio.o
 .comment       0x00000049       0x4a Output/Ip/ip_line_sensor.o
 .comment       0x00000049       0x4a Output/Ip/ip_maze.o
 .comment       0x00000049       0x4a Output/Ip/ip_motor.o
 .comment       0x00000049       0x4a Output/Ip/ip_pwm.o
 .comment       0x00000049       0x4a Output/Ip/ip_sensor.o
 .comment       0x00000049       0x4a Output/Ip/ip_timer.o
 .comment       0x00000049       0x4a Output/Ip/ip_uart.o
 .comment       0x00000049       0x4a Output/Middleware/mid_control.o
 .comment       0x00000049       0x4a Output/Middleware/mid_line_sensor.o
 .comment       0x00000049       0x4a Output/Middleware/mid_maze.o
 .comment       0x00000049       0x4a Output/Middleware/mid_motor.o
 .comment       0x00000049       0x4a Output/Middleware/mid_sensor.o
 .comment       0x00000049       0x4a Output/Middleware/mid_timer.o
 .comment       0x00000049       0x4a Output/Lib/CMSIS/CM3/DeviceSupport/ST/STM32F10x/system_stm32f10x.o
 .comment       0x00000049       0x4a Output/startup.o

.debug_info     0x00000000     0x3fea
 .debug_info    0x00000000       0xfc Output/Src/main.o
 .debug_info    0x000000fc      0x4c6 Output/Src/syscalls.o
 .debug_info    0x000005c2       0x89 Output/Src/system_init.o
 .debug_info    0x0000064b      0x19b Output/Application/app_control.o
 .debug_info    0x000007e6       0xde Output/Application/app_line_sensor.o
 .debug_info    0x000008c4       0xaa Output/Application/app_maze.o
 .debug_info    0x0000096e      0x179 Output/Application/app_motor.o
 .debug_info    0x00000ae7       0xc2 Output/Application/app_sensor.o
 .debug_info    0x00000ba9      0x124 Output/Application/app_timer.o
 .debug_info    0x00000ccd      0x14a Output/Ip/ip_bluetooth.o
 .debug_info    0x00000e17      0x1e4 Output/Ip/ip_control.o
 .debug_info    0x00000ffb      0x34b Output/Ip/ip_gpio.o
 .debug_info    0x00001346      0x238 Output/Ip/ip_line_sensor.o
 .debug_info    0x0000157e      0x29a Output/Ip/ip_maze.o
 .debug_info    0x00001818      0x210 Output/Ip/ip_motor.o
 .debug_info    0x00001a28      0x484 Output/Ip/ip_pwm.o
 .debug_info    0x00001eac      0x85b Output/Ip/ip_sensor.o
 .debug_info    0x00002707      0x701 Output/Ip/ip_timer.o
 .debug_info    0x00002e08      0x6e7 Output/Ip/ip_uart.o
 .debug_info    0x000034ef      0x19b Output/Middleware/mid_control.o
 .debug_info    0x0000368a       0xde Output/Middleware/mid_line_sensor.o
 .debug_info    0x00003768       0xaa Output/Middleware/mid_maze.o
 .debug_info    0x00003812      0x179 Output/Middleware/mid_motor.o
 .debug_info    0x0000398b       0xc2 Output/Middleware/mid_sensor.o
 .debug_info    0x00003a4d      0x124 Output/Middleware/mid_timer.o
 .debug_info    0x00003b71      0x479 Output/Lib/CMSIS/CM3/DeviceSupport/ST/STM32F10x/system_stm32f10x.o

.debug_abbrev   0x00000000     0x16d9
 .debug_abbrev  0x00000000       0xa3 Output/Src/main.o
 .debug_abbrev  0x000000a3      0x152 Output/Src/syscalls.o
 .debug_abbrev  0x000001f5       0x47 Output/Src/system_init.o
 .debug_abbrev  0x0000023c       0xe3 Output/Application/app_control.o
 .debug_abbrev  0x0000031f       0x72 Output/Application/app_line_sensor.o
 .debug_abbrev  0x00000391       0x67 Output/Application/app_maze.o
 .debug_abbrev  0x000003f8       0x83 Output/Application/app_motor.o
 .debug_abbrev  0x0000047b       0x72 Output/Application/app_sensor.o
 .debug_abbrev  0x000004ed       0x9f Output/Application/app_timer.o
 .debug_abbrev  0x0000058c       0xc0 Output/Ip/ip_bluetooth.o
 .debug_abbrev  0x0000064c      0x10d Output/Ip/ip_control.o
 .debug_abbrev  0x00000759      0x12d Output/Ip/ip_gpio.o
 .debug_abbrev  0x00000886      0x102 Output/Ip/ip_line_sensor.o
 .debug_abbrev  0x00000988      0x10f Output/Ip/ip_maze.o
 .debug_abbrev  0x00000a97       0xca Output/Ip/ip_motor.o
 .debug_abbrev  0x00000b61       0xca Output/Ip/ip_pwm.o
 .debug_abbrev  0x00000c2b      0x1c5 Output/Ip/ip_sensor.o
 .debug_abbrev  0x00000df0      0x1da Output/Ip/ip_timer.o
 .debug_abbrev  0x00000fca      0x20e Output/Ip/ip_uart.o
 .debug_abbrev  0x000011d8       0xe3 Output/Middleware/mid_control.o
 .debug_abbrev  0x000012bb       0x72 Output/Middleware/mid_line_sensor.o
 .debug_abbrev  0x0000132d       0x67 Output/Middleware/mid_maze.o
 .debug_abbrev  0x00001394       0x83 Output/Middleware/mid_motor.o
 .debug_abbrev  0x00001417       0x72 Output/Middleware/mid_sensor.o
 .debug_abbrev  0x00001489       0x9f Output/Middleware/mid_timer.o
 .debug_abbrev  0x00001528      0x1b1 Output/Lib/CMSIS/CM3/DeviceSupport/ST/STM32F10x/system_stm32f10x.o

.debug_aranges  0x00000000      0x618
 .debug_aranges
                0x00000000       0x20 Output/Src/main.o
 .debug_aranges
                0x00000020       0x68 Output/Src/syscalls.o
 .debug_aranges
                0x00000088       0x20 Output/Src/system_init.o
 .debug_aranges
                0x000000a8       0x38 Output/Application/app_control.o
 .debug_aranges
                0x000000e0       0x30 Output/Application/app_line_sensor.o
 .debug_aranges
                0x00000110       0x20 Output/Application/app_maze.o
 .debug_aranges
                0x00000130       0x50 Output/Application/app_motor.o
 .debug_aranges
                0x00000180       0x30 Output/Application/app_sensor.o
 .debug_aranges
                0x000001b0       0x40 Output/Application/app_timer.o
 .debug_aranges
                0x000001f0       0x40 Output/Ip/ip_bluetooth.o
 .debug_aranges
                0x00000230       0x38 Output/Ip/ip_control.o
 .debug_aranges
                0x00000268       0x48 Output/Ip/ip_gpio.o
 .debug_aranges
                0x000002b0       0x38 Output/Ip/ip_line_sensor.o
 .debug_aranges
                0x000002e8       0x48 Output/Ip/ip_maze.o
 .debug_aranges
                0x00000330       0x50 Output/Ip/ip_motor.o
 .debug_aranges
                0x00000380       0x30 Output/Ip/ip_pwm.o
 .debug_aranges
                0x000003b0       0x48 Output/Ip/ip_sensor.o
 .debug_aranges
                0x000003f8       0x50 Output/Ip/ip_timer.o
 .debug_aranges
                0x00000448       0x50 Output/Ip/ip_uart.o
 .debug_aranges
                0x00000498       0x38 Output/Middleware/mid_control.o
 .debug_aranges
                0x000004d0       0x30 Output/Middleware/mid_line_sensor.o
 .debug_aranges
                0x00000500       0x20 Output/Middleware/mid_maze.o
 .debug_aranges
                0x00000520       0x50 Output/Middleware/mid_motor.o
 .debug_aranges
                0x00000570       0x30 Output/Middleware/mid_sensor.o
 .debug_aranges
                0x000005a0       0x40 Output/Middleware/mid_timer.o
 .debug_aranges
                0x000005e0       0x38 Output/Lib/CMSIS/CM3/DeviceSupport/ST/STM32F10x/system_stm32f10x.o

.debug_ranges   0x00000000      0x4c0
 .debug_ranges  0x00000000       0x10 Output/Src/main.o
 .debug_ranges  0x00000010       0x58 Output/Src/syscalls.o
 .debug_ranges  0x00000068       0x10 Output/Src/system_init.o
 .debug_ranges  0x00000078       0x28 Output/Application/app_control.o
 .debug_ranges  0x000000a0       0x20 Output/Application/app_line_sensor.o
 .debug_ranges  0x000000c0       0x10 Output/Application/app_maze.o
 .debug_ranges  0x000000d0       0x40 Output/Application/app_motor.o
 .debug_ranges  0x00000110       0x20 Output/Application/app_sensor.o
 .debug_ranges  0x00000130       0x30 Output/Application/app_timer.o
 .debug_ranges  0x00000160       0x30 Output/Ip/ip_bluetooth.o
 .debug_ranges  0x00000190       0x28 Output/Ip/ip_control.o
 .debug_ranges  0x000001b8       0x38 Output/Ip/ip_gpio.o
 .debug_ranges  0x000001f0       0x28 Output/Ip/ip_line_sensor.o
 .debug_ranges  0x00000218       0x80 Output/Ip/ip_maze.o
 .debug_ranges  0x00000298       0x40 Output/Ip/ip_motor.o
 .debug_ranges  0x000002d8       0x20 Output/Ip/ip_pwm.o
 .debug_ranges  0x000002f8       0x38 Output/Ip/ip_sensor.o
 .debug_ranges  0x00000330       0x40 Output/Ip/ip_timer.o
 .debug_ranges  0x00000370       0x40 Output/Ip/ip_uart.o
 .debug_ranges  0x000003b0       0x28 Output/Middleware/mid_control.o
 .debug_ranges  0x000003d8       0x20 Output/Middleware/mid_line_sensor.o
 .debug_ranges  0x000003f8       0x10 Output/Middleware/mid_maze.o
 .debug_ranges  0x00000408       0x40 Output/Middleware/mid_motor.o
 .debug_ranges  0x00000448       0x20 Output/Middleware/mid_sensor.o
 .debug_ranges  0x00000468       0x30 Output/Middleware/mid_timer.o
 .debug_ranges  0x00000498       0x28 Output/Lib/CMSIS/CM3/DeviceSupport/ST/STM32F10x/system_stm32f10x.o

.debug_macro    0x00000000    0x10206
 .debug_macro   0x00000000      0x19e Output/Src/main.o
 .debug_macro   0x0000019e      0xa66 Output/Src/main.o
 .debug_macro   0x00000c04       0x22 Output/Src/main.o
 .debug_macro   0x00000c26       0x8e Output/Src/main.o
 .debug_macro   0x00000cb4       0x51 Output/Src/main.o
 .debug_macro   0x00000d05      0x103 Output/Src/main.o
 .debug_macro   0x00000e08       0x6a Output/Src/main.o
 .debug_macro   0x00000e72      0x1df Output/Src/main.o
 .debug_macro   0x00001051       0x56 Output/Src/main.o
 .debug_macro   0x000010a7      0x6bd Output/Src/main.o
 .debug_macro   0x00001764     0x7dbe Output/Src/main.o
 .debug_macro   0x00009522      0x2df Output/Src/main.o
 .debug_macro   0x00009801      0x144 Output/Src/main.o
 .debug_macro   0x00009945      0x3cf Output/Src/main.o
 .debug_macro   0x00009d14       0xc8 Output/Src/main.o
 .debug_macro   0x00009ddc      0x17a Output/Src/main.o
 .debug_macro   0x00009f56       0xac Output/Src/main.o
 .debug_macro   0x0000a002      0x3ad Output/Src/main.o
 .debug_macro   0x0000a3af       0x9a Output/Src/main.o
 .debug_macro   0x0000a449      0x2cf Output/Src/main.o
 .debug_macro   0x0000a718      0x279 Output/Src/main.o
 .debug_macro   0x0000a991      0x2ac Output/Src/main.o
 .debug_macro   0x0000ac3d      0x2b1 Output/Src/main.o
 .debug_macro   0x0000aeee       0x64 Output/Src/main.o
 .debug_macro   0x0000af52       0x82 Output/Src/main.o
 .debug_macro   0x0000afd4      0x3e2 Output/Src/main.o
 .debug_macro   0x0000b3b6       0x58 Output/Src/main.o
 .debug_macro   0x0000b40e      0x341 Output/Src/main.o
 .debug_macro   0x0000b74f      0x2c4 Output/Src/main.o
 .debug_macro   0x0000ba13      0x711 Output/Src/main.o
 .debug_macro   0x0000c124      0x220 Output/Src/main.o
 .debug_macro   0x0000c344       0x34 Output/Src/main.o
 .debug_macro   0x0000c378       0x8b Output/Src/main.o
 .debug_macro   0x0000c403       0x35 Output/Src/main.o
 .debug_macro   0x0000c438      0x1a9 Output/Src/syscalls.o
 .debug_macro   0x0000c5e1       0x5e Output/Src/syscalls.o
 .debug_macro   0x0000c63f       0x18 Output/Src/syscalls.o
 .debug_macro   0x0000c657       0x94 Output/Src/syscalls.o
 .debug_macro   0x0000c6eb       0x35 Output/Src/syscalls.o
 .debug_macro   0x0000c720       0x34 Output/Src/syscalls.o
 .debug_macro   0x0000c754       0x57 Output/Src/syscalls.o
 .debug_macro   0x0000c7ab      0x174 Output/Src/syscalls.o
 .debug_macro   0x0000c91f      0x341 Output/Src/syscalls.o
 .debug_macro   0x0000cc60       0x16 Output/Src/syscalls.o
 .debug_macro   0x0000cc76       0x43 Output/Src/syscalls.o
 .debug_macro   0x0000ccb9       0x34 Output/Src/syscalls.o
 .debug_macro   0x0000cced       0x10 Output/Src/syscalls.o
 .debug_macro   0x0000ccfd       0x58 Output/Src/syscalls.o
 .debug_macro   0x0000cd55      0x182 Output/Src/syscalls.o
 .debug_macro   0x0000ced7       0x10 Output/Src/syscalls.o
 .debug_macro   0x0000cee7       0x35 Output/Src/syscalls.o
 .debug_macro   0x0000cf1c       0x10 Output/Src/syscalls.o
 .debug_macro   0x0000cf2c       0x10 Output/Src/syscalls.o
 .debug_macro   0x0000cf3c       0x10 Output/Src/syscalls.o
 .debug_macro   0x0000cf4c       0x1c Output/Src/syscalls.o
 .debug_macro   0x0000cf68       0x52 Output/Src/syscalls.o
 .debug_macro   0x0000cfba       0x22 Output/Src/syscalls.o
 .debug_macro   0x0000cfdc       0x10 Output/Src/syscalls.o
 .debug_macro   0x0000cfec       0x52 Output/Src/syscalls.o
 .debug_macro   0x0000d03e       0xd5 Output/Src/syscalls.o
 .debug_macro   0x0000d113       0x1c Output/Src/syscalls.o
 .debug_macro   0x0000d12f       0x3d Output/Src/syscalls.o
 .debug_macro   0x0000d16c       0x35 Output/Src/syscalls.o
 .debug_macro   0x0000d1a1      0x12c Output/Src/syscalls.o
 .debug_macro   0x0000d2cd       0x10 Output/Src/syscalls.o
 .debug_macro   0x0000d2dd      0x241 Output/Src/syscalls.o
 .debug_macro   0x0000d51e      0x1b7 Output/Src/system_init.o
 .debug_macro   0x0000d6d5       0x22 Output/Src/system_init.o
 .debug_macro   0x0000d6f7      0x69f Output/Src/system_init.o
 .debug_macro   0x0000dd96       0x77 Output/Application/app_control.o
 .debug_macro   0x0000de0d      0x18f Output/Application/app_line_sensor.o
 .debug_macro   0x0000df9c      0x18f Output/Application/app_maze.o
 .debug_macro   0x0000e12b       0x77 Output/Application/app_motor.o
 .debug_macro   0x0000e1a2      0x18f Output/Application/app_sensor.o
 .debug_macro   0x0000e331      0x18f Output/Application/app_timer.o
 .debug_macro   0x0000e4c0      0x18a Output/Ip/ip_bluetooth.o
 .debug_macro   0x0000e64a      0x204 Output/Ip/ip_control.o
 .debug_macro   0x0000e84e       0x64 Output/Ip/ip_control.o
 .debug_macro   0x0000e8b2       0x16 Output/Ip/ip_control.o
 .debug_macro   0x0000e8c8      0x10e Output/Ip/ip_control.o
 .debug_macro   0x0000e9d6       0x8d Output/Ip/ip_control.o
 .debug_macro   0x0000ea63       0x16 Output/Ip/ip_control.o
 .debug_macro   0x0000ea79       0x29 Output/Ip/ip_control.o
 .debug_macro   0x0000eaa2       0x1c Output/Ip/ip_control.o
 .debug_macro   0x0000eabe       0x10 Output/Ip/ip_control.o
 .debug_macro   0x0000eace       0x16 Output/Ip/ip_control.o
 .debug_macro   0x0000eae4      0x16f Output/Ip/ip_control.o
 .debug_macro   0x0000ec53      0x185 Output/Ip/ip_gpio.o
 .debug_macro   0x0000edd8      0x18f Output/Ip/ip_line_sensor.o
 .debug_macro   0x0000ef67      0x1e3 Output/Ip/ip_maze.o
 .debug_macro   0x0000f14a      0x1c4 Output/Ip/ip_motor.o
 .debug_macro   0x0000f30e      0x185 Output/Ip/ip_pwm.o
 .debug_macro   0x0000f493      0x1b1 Output/Ip/ip_sensor.o
 .debug_macro   0x0000f644      0x185 Output/Ip/ip_timer.o
 .debug_macro   0x0000f7c9      0x18b Output/Ip/ip_uart.o
 .debug_macro   0x0000f954       0x77 Output/Middleware/mid_control.o
 .debug_macro   0x0000f9cb      0x18f Output/Middleware/mid_line_sensor.o
 .debug_macro   0x0000fb5a      0x18f Output/Middleware/mid_maze.o
 .debug_macro   0x0000fce9       0x77 Output/Middleware/mid_motor.o
 .debug_macro   0x0000fd60      0x18f Output/Middleware/mid_sensor.o
 .debug_macro   0x0000feef      0x18f Output/Middleware/mid_timer.o
 .debug_macro   0x0001007e      0x188 Output/Lib/CMSIS/CM3/DeviceSupport/ST/STM32F10x/system_stm32f10x.o

.debug_line     0x00000000     0x8581
 .debug_line    0x00000000      0x53c Output/Src/main.o
 .debug_line    0x0000053c      0x47b Output/Src/syscalls.o
 .debug_line    0x000009b7      0x556 Output/Src/system_init.o
 .debug_line    0x00000f0d      0x314 Output/Application/app_control.o
 .debug_line    0x00001221      0x548 Output/Application/app_line_sensor.o
 .debug_line    0x00001769      0x505 Output/Application/app_maze.o
 .debug_line    0x00001c6e      0x32c Output/Application/app_motor.o
 .debug_line    0x00001f9a      0x539 Output/Application/app_sensor.o
 .debug_line    0x000024d3      0x564 Output/Application/app_timer.o
 .debug_line    0x00002a37      0x566 Output/Ip/ip_bluetooth.o
 .debug_line    0x00002f9d      0x49d Output/Ip/ip_control.o
 .debug_line    0x0000343a      0x667 Output/Ip/ip_gpio.o
 .debug_line    0x00003aa1      0x61d Output/Ip/ip_line_sensor.o
 .debug_line    0x000040be      0x654 Output/Ip/ip_maze.o
 .debug_line    0x00004712      0x5b8 Output/Ip/ip_motor.o
 .debug_line    0x00004cca      0x56c Output/Ip/ip_pwm.o
 .debug_line    0x00005236      0x5eb Output/Ip/ip_sensor.o
 .debug_line    0x00005821      0x5f1 Output/Ip/ip_timer.o
 .debug_line    0x00005e12      0x632 Output/Ip/ip_uart.o
 .debug_line    0x00006444      0x30a Output/Middleware/mid_control.o
 .debug_line    0x0000674e      0x53e Output/Middleware/mid_line_sensor.o
 .debug_line    0x00006c8c      0x4fb Output/Middleware/mid_maze.o
 .debug_line    0x00007187      0x322 Output/Middleware/mid_motor.o
 .debug_line    0x000074a9      0x52f Output/Middleware/mid_sensor.o
 .debug_line    0x000079d8      0x55a Output/Middleware/mid_timer.o
 .debug_line    0x00007f32      0x64f Output/Lib/CMSIS/CM3/DeviceSupport/ST/STM32F10x/system_stm32f10x.o

.debug_str      0x00000000    0x529f6
 .debug_str     0x00000000    0x4d031 Output/Src/main.o
                              0x4d1aa (size before relaxing)
 .debug_str     0x0004d031     0x3f44 Output/Src/syscalls.o
                               0x71cd (size before relaxing)
 .debug_str     0x00050f75       0x4f Output/Src/system_init.o
                              0x4d1a5 (size before relaxing)
 .debug_str     0x00050fc4       0x98 Output/Application/app_control.o
                               0x3c57 (size before relaxing)
 .debug_str     0x0005105c       0x88 Output/Application/app_line_sensor.o
                              0x4d1d2 (size before relaxing)
 .debug_str     0x000510e4       0x3c Output/Application/app_maze.o
                              0x4d184 (size before relaxing)
 .debug_str     0x00051120       0xa6 Output/Application/app_motor.o
                               0x3c46 (size before relaxing)
 .debug_str     0x000511c6       0x5f Output/Application/app_sensor.o
                              0x4d1a9 (size before relaxing)
 .debug_str     0x00051225       0x72 Output/Application/app_timer.o
                              0x4d1cf (size before relaxing)
 .debug_str     0x00051297       0xa5 Output/Ip/ip_bluetooth.o
                              0x4d1f2 (size before relaxing)
 .debug_str     0x0005133c      0x839 Output/Ip/ip_control.o
                               0x788c (size before relaxing)
 .debug_str     0x00051b75       0xf1 Output/Ip/ip_gpio.o
                              0x4d252 (size before relaxing)
 .debug_str     0x00051c66       0x9e Output/Ip/ip_line_sensor.o
                              0x4d21e (size before relaxing)
 .debug_str     0x00051d04      0x1c9 Output/Ip/ip_maze.o
                              0x4d37e (size before relaxing)
 .debug_str     0x00051ecd       0xed Output/Ip/ip_motor.o
                              0x4d27d (size before relaxing)
 .debug_str     0x00051fba      0x14e Output/Ip/ip_pwm.o
                              0x4d310 (size before relaxing)
 .debug_str     0x00052108      0x40d Output/Ip/ip_sensor.o
                              0x4d707 (size before relaxing)
 .debug_str     0x00052515       0x75 Output/Ip/ip_timer.o
                              0x4d64d (size before relaxing)
 .debug_str     0x0005258a       0xe8 Output/Ip/ip_uart.o
                              0x4d5fa (size before relaxing)
 .debug_str     0x00052672       0x6a Output/Middleware/mid_control.o
                               0x3c53 (size before relaxing)
 .debug_str     0x000526dc       0x60 Output/Middleware/mid_line_sensor.o
                              0x4d1d0 (size before relaxing)
 .debug_str     0x0005273c       0x23 Output/Middleware/mid_maze.o
                              0x4d182 (size before relaxing)
 .debug_str     0x0005275f       0x8c Output/Middleware/mid_motor.o
                               0x3c44 (size before relaxing)
 .debug_str     0x000527eb       0x4f Output/Middleware/mid_sensor.o
                              0x4d1a7 (size before relaxing)
 .debug_str     0x0005283a       0x63 Output/Middleware/mid_timer.o
                              0x4d1cd (size before relaxing)
 .debug_str     0x0005289d      0x159 Output/Lib/CMSIS/CM3/DeviceSupport/ST/STM32F10x/system_stm32f10x.o
                              0x4d30e (size before relaxing)

.debug_frame    0x00000000     0x1848
 .debug_frame   0x00000000       0x30 Output/Src/main.o
 .debug_frame   0x00000030      0x188 Output/Src/syscalls.o
 .debug_frame   0x000001b8       0x2c Output/Src/system_init.o
 .debug_frame   0x000001e4       0x90 Output/Application/app_control.o
 .debug_frame   0x00000274       0x64 Output/Application/app_line_sensor.o
 .debug_frame   0x000002d8       0x34 Output/Application/app_maze.o
 .debug_frame   0x0000030c       0xfc Output/Application/app_motor.o
 .debug_frame   0x00000408       0x64 Output/Application/app_sensor.o
 .debug_frame   0x0000046c       0xac Output/Application/app_timer.o
 .debug_frame   0x00000518       0xb4 Output/Ip/ip_bluetooth.o
 .debug_frame   0x000005cc       0xa0 Output/Ip/ip_control.o
 .debug_frame   0x0000066c       0xf4 Output/Ip/ip_gpio.o
 .debug_frame   0x00000760       0x98 Output/Ip/ip_line_sensor.o
 .debug_frame   0x000007f8       0xec Output/Ip/ip_maze.o
 .debug_frame   0x000008e4       0xfc Output/Ip/ip_motor.o
 .debug_frame   0x000009e0       0x80 Output/Ip/ip_pwm.o
 .debug_frame   0x00000a60       0xd0 Output/Ip/ip_sensor.o
 .debug_frame   0x00000b30      0x100 Output/Ip/ip_timer.o
 .debug_frame   0x00000c30      0x118 Output/Ip/ip_uart.o
 .debug_frame   0x00000d48       0x90 Output/Middleware/mid_control.o
 .debug_frame   0x00000dd8       0x64 Output/Middleware/mid_line_sensor.o
 .debug_frame   0x00000e3c       0x34 Output/Middleware/mid_maze.o
 .debug_frame   0x00000e70       0xfc Output/Middleware/mid_motor.o
 .debug_frame   0x00000f6c       0x64 Output/Middleware/mid_sensor.o
 .debug_frame   0x00000fd0       0xac Output/Middleware/mid_timer.o
 .debug_frame   0x0000107c       0x98 Output/Lib/CMSIS/CM3/DeviceSupport/ST/STM32F10x/system_stm32f10x.o
 .debug_frame   0x00001114       0x20 g:/keilc/btlktvxl/bai1_xedieukhienble/car/tools/cygwin/gnu_arm_toolchain/10_2021_10/bin/../lib/gcc/arm-none-eabi/10.3.1/../../../../arm-none-eabi/lib/thumb/v7-m/nofp\libc_nano.a(lib_a-errno.o)
 .debug_frame   0x00001134       0x80 g:/keilc/btlktvxl/bai1_xedieukhienble/car/tools/cygwin/gnu_arm_toolchain/10_2021_10/bin/../lib/gcc/arm-none-eabi/10.3.1/../../../../arm-none-eabi/lib/thumb/v7-m/nofp\libc_nano.a(lib_a-sscanf.o)
 .debug_frame   0x000011b4       0x88 g:/keilc/btlktvxl/bai1_xedieukhienble/car/tools/cygwin/gnu_arm_toolchain/10_2021_10/bin/../lib/gcc/arm-none-eabi/10.3.1/../../../../arm-none-eabi/lib/thumb/v7-m/nofp\libc_nano.a(lib_a-stdio.o)
 .debug_frame   0x0000123c       0x74 g:/keilc/btlktvxl/bai1_xedieukhienble/car/tools/cygwin/gnu_arm_toolchain/10_2021_10/bin/../lib/gcc/arm-none-eabi/10.3.1/../../../../arm-none-eabi/lib/thumb/v7-m/nofp\libc_nano.a(lib_a-nano-svfscanf.o)
 .debug_frame   0x000012b0       0x64 g:/keilc/btlktvxl/bai1_xedieukhienble/car/tools/cygwin/gnu_arm_toolchain/10_2021_10/bin/../lib/gcc/arm-none-eabi/10.3.1/../../../../arm-none-eabi/lib/thumb/v7-m/nofp\libc_nano.a(lib_a-nano-vfscanf_i.o)
 .debug_frame   0x00001314       0x5c g:/keilc/btlktvxl/bai1_xedieukhienble/car/tools/cygwin/gnu_arm_toolchain/10_2021_10/bin/../lib/gcc/arm-none-eabi/10.3.1/../../../../arm-none-eabi/lib/thumb/v7-m/nofp\libc_nano.a(lib_a-reent.o)
 .debug_frame   0x00001370       0x2c g:/keilc/btlktvxl/bai1_xedieukhienble/car/tools/cygwin/gnu_arm_toolchain/10_2021_10/bin/../lib/gcc/arm-none-eabi/10.3.1/../../../../arm-none-eabi/lib/thumb/v7-m/nofp\libc_nano.a(lib_a-sccl.o)
 .debug_frame   0x0000139c       0x64 g:/keilc/btlktvxl/bai1_xedieukhienble/car/tools/cygwin/gnu_arm_toolchain/10_2021_10/bin/../lib/gcc/arm-none-eabi/10.3.1/../../../../arm-none-eabi/lib/thumb/v7-m/nofp\libc_nano.a(lib_a-strtol.o)
 .debug_frame   0x00001400       0x64 g:/keilc/btlktvxl/bai1_xedieukhienble/car/tools/cygwin/gnu_arm_toolchain/10_2021_10/bin/../lib/gcc/arm-none-eabi/10.3.1/../../../../arm-none-eabi/lib/thumb/v7-m/nofp\libc_nano.a(lib_a-strtoul.o)
 .debug_frame   0x00001464       0x5c g:/keilc/btlktvxl/bai1_xedieukhienble/car/tools/cygwin/gnu_arm_toolchain/10_2021_10/bin/../lib/gcc/arm-none-eabi/10.3.1/../../../../arm-none-eabi/lib/thumb/v7-m/nofp\libc_nano.a(lib_a-ungetc.o)
 .debug_frame   0x000014c0      0x14c g:/keilc/btlktvxl/bai1_xedieukhienble/car/tools/cygwin/gnu_arm_toolchain/10_2021_10/bin/../lib/gcc/arm-none-eabi/10.3.1/../../../../arm-none-eabi/lib/thumb/v7-m/nofp\libc_nano.a(lib_a-findfp.o)
 .debug_frame   0x0000160c       0xb0 g:/keilc/btlktvxl/bai1_xedieukhienble/car/tools/cygwin/gnu_arm_toolchain/10_2021_10/bin/../lib/gcc/arm-none-eabi/10.3.1/../../../../arm-none-eabi/lib/thumb/v7-m/nofp\libc_nano.a(lib_a-lock.o)
 .debug_frame   0x000016bc       0x28 g:/keilc/btlktvxl/bai1_xedieukhienble/car/tools/cygwin/gnu_arm_toolchain/10_2021_10/bin/../lib/gcc/arm-none-eabi/10.3.1/../../../../arm-none-eabi/lib/thumb/v7-m/nofp\libc_nano.a(lib_a-memchr-stub.o)
 .debug_frame   0x000016e4       0x28 g:/keilc/btlktvxl/bai1_xedieukhienble/car/tools/cygwin/gnu_arm_toolchain/10_2021_10/bin/../lib/gcc/arm-none-eabi/10.3.1/../../../../arm-none-eabi/lib/thumb/v7-m/nofp\libc_nano.a(lib_a-memcpy-stub.o)
 .debug_frame   0x0000170c       0x38 g:/keilc/btlktvxl/bai1_xedieukhienble/car/tools/cygwin/gnu_arm_toolchain/10_2021_10/bin/../lib/gcc/arm-none-eabi/10.3.1/../../../../arm-none-eabi/lib/thumb/v7-m/nofp\libc_nano.a(lib_a-nano-freer.o)
 .debug_frame   0x00001744       0x4c g:/keilc/btlktvxl/bai1_xedieukhienble/car/tools/cygwin/gnu_arm_toolchain/10_2021_10/bin/../lib/gcc/arm-none-eabi/10.3.1/../../../../arm-none-eabi/lib/thumb/v7-m/nofp\libc_nano.a(lib_a-nano-mallocr.o)
 .debug_frame   0x00001790       0x3c g:/keilc/btlktvxl/bai1_xedieukhienble/car/tools/cygwin/gnu_arm_toolchain/10_2021_10/bin/../lib/gcc/arm-none-eabi/10.3.1/../../../../arm-none-eabi/lib/thumb/v7-m/nofp\libc_nano.a(lib_a-nano-reallocr.o)
 .debug_frame   0x000017cc       0x2c g:/keilc/btlktvxl/bai1_xedieukhienble/car/tools/cygwin/gnu_arm_toolchain/10_2021_10/bin/../lib/gcc/arm-none-eabi/10.3.1/../../../../arm-none-eabi/lib/thumb/v7-m/nofp\libc_nano.a(lib_a-sbrkr.o)
 .debug_frame   0x000017f8       0x30 g:/keilc/btlktvxl/bai1_xedieukhienble/car/tools/cygwin/gnu_arm_toolchain/10_2021_10/bin/../lib/gcc/arm-none-eabi/10.3.1/../../../../arm-none-eabi/lib/thumb/v7-m/nofp\libc_nano.a(lib_a-mlock.o)
 .debug_frame   0x00001828       0x20 g:/keilc/btlktvxl/bai1_xedieukhienble/car/tools/cygwin/gnu_arm_toolchain/10_2021_10/bin/../lib/gcc/arm-none-eabi/10.3.1/../../../../arm-none-eabi/lib/thumb/v7-m/nofp\libc_nano.a(lib_a-nano-msizer.o)
