<html>
<body>
<pre>
<h1>µVision Build Log</h1>
<h2>Tool Versions:</h2>
IDE-Version: µVision V5.31.0.0
Copyright (C) 2020 ARM Ltd and ARM Germany GmbH. All rights reserved.
License Information: asdasd ADMIN, asdasdas, LIC=NQQMA-1KM2B-ARTXW-QK7SZ-P51I5-DNTT3
 
Tool Versions:
Toolchain:       MDK-ARM Plus  Version: 5.31.0.0
Toolchain Path:  G:\KeilC\ARM\ARMCLANG\Bin
C Compiler:      ArmClang.exe V6.14
Assembler:       Armasm.exe V6.14
Linker/Locator:  ArmLink.exe V6.14
Library Manager: ArmAr.exe V6.14
Hex Converter:   FromElf.exe V6.14
CPU DLL:         SARMCM3.DLL V5.31.0.0
Dialog DLL:      DCM.DLL V1.17.3.0
Target DLL:      STLink\ST-LINKIII-KEIL_SWO.dll V3.0.7.0
Dialog DLL:      TCM.DLL V1.46.0.0
 
<h2>Project:</h2>
G:\KeilC\BTLKTVXL\Bai1_XedieukhienBLE\Gamepad\Proj\Gamepad.uvprojx
Project File Date:  04/16/2026

<h2>Output:</h2>
*** Using Compiler 'V6.14', folder: 'G:\KeilC\ARM\ARMCLANG\Bin'
Rebuild target 'Gamepad'
compiling ip_protocol.c...
compiling ip_uart.c...
compiling ip_bluetooth.c...
compiling ip_joystick.c...
compiling ip_tim.c...
compiling main.c...
compiling ip_gamepad.c...
compiling ip_adc.c...
compiling ip_systick.c...
compiling ip_mode.c...
compiling ip_gpio.c...
compiling misc.c...
compiling stm32f10x_adc.c...
compiling stm32f10x_bkp.c...
compiling stm32f10x_crc.c...
compiling stm32f10x_cec.c...
compiling stm32f10x_dbgmcu.c...
compiling stm32f10x_dac.c...
compiling stm32f10x_dma.c...
compiling stm32f10x_can.c...
compiling stm32f10x_exti.c...
compiling stm32f10x_gpio.c...
compiling stm32f10x_flash.c...
compiling stm32f10x_fsmc.c...
compiling stm32f10x_iwdg.c...
compiling stm32f10x_i2c.c...
compiling stm32f10x_pwr.c...
compiling stm32f10x_rtc.c...
compiling stm32f10x_rcc.c...
compiling stm32f10x_sdio.c...
compiling stm32f10x_spi.c...
compiling mid_bluetooth.c...
compiling stm32f10x_wwdg.c...
compiling mid_adc.c...
compiling stm32f10x_usart.c...
compiling stm32f10x_tim.c...
compiling mid_gamepad.c...
compiling mid_joystick.c...
compiling mid_gpio.c...
compiling mid_mode.c...
compiling mid_protocol.c...
compiling mid_systick.c...
compiling mid_tim.c...
compiling mid_uart.c...
compiling app_adc.c...
compiling app_gamepad.c...
compiling app_bluetooth.c...
compiling app_gpio.c...
compiling app_protocol.c...
compiling app_joystick.c...
compiling app_mode.c...
compiling app_systick.c...
compiling app_tim.c...
compiling app_uart.c...
assembling startup_stm32f10x_md.s...
compiling system_stm32f10x.c...
linking...
Program Size: Code=2148 RO-data=252 RW-data=0 ZI-data=1720  
".\Objects\Gamepad.axf" - 0 Error(s), 0 Warning(s).

<h2>Software Packages used:</h2>

Package Vendor: ARM
                http://www.keil.com/pack/ARM.CMSIS.5.7.0.pack
                ARM.CMSIS.5.7.0
                CMSIS (Cortex Microcontroller Software Interface Standard)
   * Component: CORE Version: 5.4.0

Package Vendor: Keil
                https://www.keil.com/pack/Keil.STM32F1xx_DFP.2.4.1.pack
                Keil.STM32F1xx_DFP.2.4.1
                STMicroelectronics STM32F1 Series Device Support, Drivers and Examples
   * Component: Startup Version: 1.0.0

<h2>Collection of Component include folders:</h2>
  .\RTE\Device\STM32F103C8
  .\RTE\_Gamepad
  G:\KeilC\Package\ARM\CMSIS\5.7.0\CMSIS\Core\Include
  G:\KeilC\Package\Keil\STM32F1xx_DFP\2.4.1\Device\Include

<h2>Collection of Component Files used:</h2>

   * Component: ARM::CMSIS:CORE:5.4.0

   * Component: Keil::Device:Startup:1.0.0
      Source file:   Device\Source\ARM\startup_stm32f10x_md.s
      Source file:   Device\Source\system_stm32f10x.c
      Include file:  RTE_Driver\Config\RTE_Device.h
      Source file:   Device\Source\ARM\STM32F1xx_OPT.s
Build Time Elapsed:  00:00:02
</pre>
</body>
</html>
