Archive member included to satisfy reference by file (symbol)

g:/keilc/btlktvxl/bai1_xedieukhienble/gamepad/tools/cygwin/gnu_arm_toolchain/10_2021_10/bin/../lib/gcc/arm-none-eabi/10.3.1/thumb/v7-m/nofp\libgcc.a(_arm_mulsf3.o)
                              Output/Src/Ip/ip_adc.o (__aeabi_fmul)
g:/keilc/btlktvxl/bai1_xedieukhienble/gamepad/tools/cygwin/gnu_arm_toolchain/10_2021_10/bin/../lib/gcc/arm-none-eabi/10.3.1/thumb/v7-m/nofp\libgcc.a(_arm_addsubsf3.o)
                              Output/Src/Ip/ip_adc.o (__aeabi_i2f)
g:/keilc/btlktvxl/bai1_xedieukhienble/gamepad/tools/cygwin/gnu_arm_toolchain/10_2021_10/bin/../lib/gcc/arm-none-eabi/10.3.1/thumb/v7-m/nofp\libgcc.a(_arm_muldivsf3.o)
                              Output/Src/Ip/ip_adc.o (__aeabi_fdiv)
g:/keilc/btlktvxl/bai1_xedieukhienble/gamepad/tools/cygwin/gnu_arm_toolchain/10_2021_10/bin/../lib/gcc/arm-none-eabi/10.3.1/../../../../arm-none-eabi/lib/thumb/v7-m/nofp\libc_nano.a(lib_a-exit.o)
                              g:/keilc/btlktvxl/bai1_xedieukhienble/gamepad/tools/cygwin/gnu_arm_toolchain/10_2021_10/bin/../lib/gcc/arm-none-eabi/10.3.1/../../../../arm-none-eabi/lib/thumb/v7-m/nofp/crt0.o (exit)
g:/keilc/btlktvxl/bai1_xedieukhienble/gamepad/tools/cygwin/gnu_arm_toolchain/10_2021_10/bin/../lib/gcc/arm-none-eabi/10.3.1/../../../../arm-none-eabi/lib/thumb/v7-m/nofp\libc_nano.a(lib_a-impure.o)
                              g:/keilc/btlktvxl/bai1_xedieukhienble/gamepad/tools/cygwin/gnu_arm_toolchain/10_2021_10/bin/../lib/gcc/arm-none-eabi/10.3.1/../../../../arm-none-eabi/lib/thumb/v7-m/nofp\libc_nano.a(lib_a-exit.o) (_global_impure_ptr)
g:/keilc/btlktvxl/bai1_xedieukhienble/gamepad/tools/cygwin/gnu_arm_toolchain/10_2021_10/bin/../lib/gcc/arm-none-eabi/10.3.1/../../../../arm-none-eabi/lib/thumb/v7-m/nofp\libc_nano.a(lib_a-init.o)
                              g:/keilc/btlktvxl/bai1_xedieukhienble/gamepad/tools/cygwin/gnu_arm_toolchain/10_2021_10/bin/../lib/gcc/arm-none-eabi/10.3.1/../../../../arm-none-eabi/lib/thumb/v7-m/nofp/crt0.o (__libc_init_array)
g:/keilc/btlktvxl/bai1_xedieukhienble/gamepad/tools/cygwin/gnu_arm_toolchain/10_2021_10/bin/../lib/gcc/arm-none-eabi/10.3.1/../../../../arm-none-eabi/lib/thumb/v7-m/nofp\libc_nano.a(lib_a-memset.o)
                              g:/keilc/btlktvxl/bai1_xedieukhienble/gamepad/tools/cygwin/gnu_arm_toolchain/10_2021_10/bin/../lib/gcc/arm-none-eabi/10.3.1/../../../../arm-none-eabi/lib/thumb/v7-m/nofp/crt0.o (memset)

Discarded input sections

 .text          0x00000000        0x0 g:/keilc/btlktvxl/bai1_xedieukhienble/gamepad/tools/cygwin/gnu_arm_toolchain/10_2021_10/bin/../lib/gcc/arm-none-eabi/10.3.1/thumb/v7-m/nofp/crti.o
 .data          0x00000000        0x0 g:/keilc/btlktvxl/bai1_xedieukhienble/gamepad/tools/cygwin/gnu_arm_toolchain/10_2021_10/bin/../lib/gcc/arm-none-eabi/10.3.1/thumb/v7-m/nofp/crti.o
 .bss           0x00000000        0x0 g:/keilc/btlktvxl/bai1_xedieukhienble/gamepad/tools/cygwin/gnu_arm_toolchain/10_2021_10/bin/../lib/gcc/arm-none-eabi/10.3.1/thumb/v7-m/nofp/crti.o
 .text          0x00000000       0x40 g:/keilc/btlktvxl/bai1_xedieukhienble/gamepad/tools/cygwin/gnu_arm_toolchain/10_2021_10/bin/../lib/gcc/arm-none-eabi/10.3.1/thumb/v7-m/nofp/crtbegin.o
 .data          0x00000000        0x4 g:/keilc/btlktvxl/bai1_xedieukhienble/gamepad/tools/cygwin/gnu_arm_toolchain/10_2021_10/bin/../lib/gcc/arm-none-eabi/10.3.1/thumb/v7-m/nofp/crtbegin.o
 .bss           0x00000000       0x1c g:/keilc/btlktvxl/bai1_xedieukhienble/gamepad/tools/cygwin/gnu_arm_toolchain/10_2021_10/bin/../lib/gcc/arm-none-eabi/10.3.1/thumb/v7-m/nofp/crtbegin.o
 .rodata        0x00000000       0x24 g:/keilc/btlktvxl/bai1_xedieukhienble/gamepad/tools/cygwin/gnu_arm_toolchain/10_2021_10/bin/../lib/gcc/arm-none-eabi/10.3.1/thumb/v7-m/nofp/crtbegin.o
 .init_array    0x00000000        0x4 g:/keilc/btlktvxl/bai1_xedieukhienble/gamepad/tools/cygwin/gnu_arm_toolchain/10_2021_10/bin/../lib/gcc/arm-none-eabi/10.3.1/thumb/v7-m/nofp/crtbegin.o
 .fini_array    0x00000000        0x4 g:/keilc/btlktvxl/bai1_xedieukhienble/gamepad/tools/cygwin/gnu_arm_toolchain/10_2021_10/bin/../lib/gcc/arm-none-eabi/10.3.1/thumb/v7-m/nofp/crtbegin.o
 .eh_frame      0x00000000        0x0 g:/keilc/btlktvxl/bai1_xedieukhienble/gamepad/tools/cygwin/gnu_arm_toolchain/10_2021_10/bin/../lib/gcc/arm-none-eabi/10.3.1/thumb/v7-m/nofp/crtbegin.o
 .ARM.attributes
                0x00000000       0x2d g:/keilc/btlktvxl/bai1_xedieukhienble/gamepad/tools/cygwin/gnu_arm_toolchain/10_2021_10/bin/../lib/gcc/arm-none-eabi/10.3.1/thumb/v7-m/nofp/crtbegin.o
 .text          0x00000000       0x7c g:/keilc/btlktvxl/bai1_xedieukhienble/gamepad/tools/cygwin/gnu_arm_toolchain/10_2021_10/bin/../lib/gcc/arm-none-eabi/10.3.1/../../../../arm-none-eabi/lib/thumb/v7-m/nofp/crt0.o
 .data          0x00000000        0x0 g:/keilc/btlktvxl/bai1_xedieukhienble/gamepad/tools/cygwin/gnu_arm_toolchain/10_2021_10/bin/../lib/gcc/arm-none-eabi/10.3.1/../../../../arm-none-eabi/lib/thumb/v7-m/nofp/crt0.o
[...]
Memory Configuration

Name             Origin             Length             Attributes
FLASH            0x08000000         0x00010000         xr
SRAM             0x20000000         0x00005000         xrw
*default*        0x00000000         0xffffffff

Linker script and memory map

LOAD g:/keilc/btlktvxl/bai1_xedieukhienble/gamepad/tools/cygwin/gnu_arm_toolchain/10_2021_10/bin/../lib/gcc/arm-none-eabi/10.3.1/thumb/v7-m/nofp/crti.o
LOAD g:/keilc/btlktvxl/bai1_xedieukhienble/gamepad/tools/cygwin/gnu_arm_toolchain/10_2021_10/bin/../lib/gcc/arm-none-eabi/10.3.1/thumb/v7-m/nofp/crtbegin.o
LOAD g:/keilc/btlktvxl/bai1_xedieukhienble/gamepad/tools/cygwin/gnu_arm_toolchain/10_2021_10/bin/../lib/gcc/arm-none-eabi/10.3.1/../../../../arm-none-eabi/lib/thumb/v7-m/nofp/crt0.o
LOAD Output/Src/Application/app_adc.o
LOAD Output/Src/Application/app_bluetooth.o
LOAD Output/Src/Application/app_gamepad.o
LOAD Output/Src/Application/app_gpio.o
LOAD Output/Src/Application/app_joystick.o
LOAD Output/Src/Application/app_mode.o
LOAD Output/Src/Application/app_protocol.o
LOAD Output/Src/Application/app_systick.o
LOAD Output/Src/Application/app_tim.o
LOAD Output/Src/Application/app_uart.o
LOAD Output/Src/Ip/ip_adc.o
LOAD Output/Src/Ip/ip_bluetooth.o
LOAD Output/Src/Ip/ip_gamepad.o
LOAD Output/Src/Ip/ip_gpio.o
LOAD Output/Src/Ip/ip_joystick.o
LOAD Output/Src/Ip/ip_mode.o
LOAD Output/Src/Ip/ip_protocol.o
LOAD Output/Src/Ip/ip_systick.o
LOAD Output/Src/Ip/ip_tim.o
LOAD Output/Src/Ip/ip_uart.o
LOAD Output/Src/MIddleware/mid_adc.o
LOAD Output/Src/MIddleware/mid_bluetooth.o
LOAD Output/Src/MIddleware/mid_gamepad.o
LOAD Output/Src/MIddleware/mid_gpio.o
LOAD Output/Src/MIddleware/mid_joystick.o
LOAD Output/Src/MIddleware/mid_mode.o
LOAD Output/Src/MIddleware/mid_protocol.o
LOAD Output/Src/MIddleware/mid_systick.o
LOAD Output/Src/MIddleware/mid_tim.o
LOAD Output/Src/MIddleware/mid_uart.o
LOAD Output/Src/main.o
LOAD Output/Lib/STM32F10x_StdPeriph_Driver/src/misc.o
LOAD Output/Lib/STM32F10x_StdPeriph_Driver/src/stm32f10x_adc.o
LOAD Output/Lib/STM32F10x_StdPeriph_Driver/src/stm32f10x_bkp.o
LOAD Output/Lib/STM32F10x_StdPeriph_Driver/src/stm32f10x_can.o
LOAD Output/Lib/STM32F10x_StdPeriph_Driver/src/stm32f10x_cec.o
LOAD Output/Lib/STM32F10x_StdPeriph_Driver/src/stm32f10x_crc.o
LOAD Output/Lib/STM32F10x_StdPeriph_Driver/src/stm32f10x_dac.o
LOAD Output/Lib/STM32F10x_StdPeriph_Driver/src/stm32f10x_dbgmcu.o
LOAD Output/Lib/STM32F10x_StdPeriph_Driver/src/stm32f10x_dma.o
LOAD Output/Lib/STM32F10x_StdPeriph_Driver/src/stm32f10x_exti.o
LOAD Output/Lib/STM32F10x_StdPeriph_Driver/src/stm32f10x_flash.o
LOAD Output/Lib/STM32F10x_StdPeriph_Driver/src/stm32f10x_fsmc.o
LOAD Output/Lib/STM32F10x_StdPeriph_Driver/src/stm32f10x_gpio.o
LOAD Output/Lib/STM32F10x_StdPeriph_Driver/src/stm32f10x_i2c.o
LOAD Output/Lib/STM32F10x_StdPeriph_Driver/src/stm32f10x_iwdg.o
LOAD Output/Lib/STM32F10x_StdPeriph_Driver/src/stm32f10x_pwr.o
LOAD Output/Lib/STM32F10x_StdPeriph_Driver/src/stm32f10x_rcc.o
LOAD Output/Lib/STM32F10x_StdPeriph_Driver/src/stm32f10x_rtc.o
LOAD Output/Lib/STM32F10x_StdPeriph_Driver/src/stm32f10x_sdio.o
LOAD Output/Lib/STM32F10x_StdPeriph_Driver/src/stm32f10x_spi.o
LOAD Output/Lib/STM32F10x_StdPeriph_Driver/src/stm32f10x_tim.o
LOAD Output/Lib/STM32F10x_StdPeriph_Driver/src/stm32f10x_usart.o
LOAD Output/Lib/STM32F10x_StdPeriph_Driver/src/stm32f10x_wwdg.o
LOAD Output/Lib/CMSIS/CM3/DeviceSupport/ST/STM32F10x/system_stm32f10x.o
LOAD Output/startup.o
START GROUP
LOAD g:/keilc/btlktvxl/bai1_xedieukhienble/gamepad/tools/cygwin/gnu_arm_toolchain/10_2021_10/bin/../lib/gcc/arm-none-eabi/10.3.1/thumb/v7-m/nofp\libgcc.a
LOAD g:/keilc/btlktvxl/bai1_xedieukhienble/gamepad/tools/cygwin/gnu_arm_toolchain/10_2021_10/bin/../lib/gcc/arm-none-eabi/10.3.1/../../../../arm-none-eabi/lib/thumb/v7-m/nofp\libc_nano.a
END GROUP
START GROUP
LOAD g:/keilc/btlktvxl/bai1_xedieukhienble/gamepad/tools/cygwin/gnu_arm_toolchain/10_2021_10/bin/../lib/gcc/arm-none-eabi/10.3.1/thumb/v7-m/nofp\libgcc.a
LOAD g:/keilc/btlktvxl/bai1_xedieukhienble/gamepad/tools/cygwin/gnu_arm_toolchain/10_2021_10/bin/../lib/gcc/arm-none-eabi/10.3.1/../../../../arm-none-eabi/lib/thumb/v7-m/nofp\libc_nano.a
END GROUP
LOAD g:/keilc/btlktvxl/bai1_xedieukhienble/gamepad/tools/cygwin/gnu_arm_toolchain/10_2021_10/bin/../lib/gcc/arm-none-eabi/10.3.1/thumb/v7-m/nofp/crtend.o
LOAD g:/keilc/btlktvxl/bai1_xedieukhienble/gamepad/tools/cygwin/gnu_arm_toolchain/10_2021_10/bin/../lib/gcc/arm-none-eabi/10.3.1/thumb/v7-m/nofp/crtn.o
                0x20005000                _estack = (ORIGIN (SRAM) + LENGTH (SRAM))

.isr_vector     0x08000000      0x108
                0x08000000                . = ALIGN (0x4)
 *(.isr_vector)
 .isr_vector    0x08000000      0x108 Output/startup.o
                0x08000000                vector_table
                0x08000108                . = ALIGN (0x4)

.text           0x08000108      0xbfc
                0x08000108                . = ALIGN (0x4)
 *(.text*)
 .text.App_Gamepad_Init
                0x08000108       0x2a Output/Src/Application/app_gamepad.o
                0x08000108                App_Gamepad_Init
 .text.App_Gamepad_Update
                0x08000132       0x16 Output/Src/Application/app_gamepad.o
                0x08000132                App_Gamepad_Update
 .text.App_SysTick_DelayMs
                0x08000148       0x16 Output/Src/Application/app_systick.o
                0x08000148                App_SysTick_DelayMs
 .text.App_UART1_Init
                0x0800015e       0x16 Output/Src/Application/app_uart.o
                0x0800015e                App_UART1_Init
 .text.Ip_ADC_GPIO_Config
                0x08000174       0x74 Output/Src/Ip/ip_adc.o
 .text.Ip_ADC1_Init_Single
                0x080001e8      0x11c Output/Src/Ip/ip_adc.o
                0x080001e8                Ip_ADC1_Init_Single
 .text.Ip_ADC1_Read
                0x08000304       0x48 Output/Src/Ip/ip_adc.o
                0x08000304                Ip_ADC1_Read
 .text.Ip_Bluetooth_SendChar
                0x0800034c       0x1a Output/Src/Ip/ip_bluetooth.o
                0x0800034c                Ip_Bluetooth_SendChar
 .text.Ip_Bluetooth_SendNum
                0x08000366       0x16 Output/Src/Ip/ip_bluetooth.o
                0x08000366                Ip_Bluetooth_SendNum
 .text.Ip_Gamepad_Init
                0x0800037c       0x34 Output/Src/Ip/ip_gamepad.o
                0x0800037c                Ip_Gamepad_Init
 .text.Ip_Gamepad_Update
                0x080003b0       0xc4 Output/Src/Ip/ip_gamepad.o
                0x080003b0                Ip_Gamepad_Update
 .text.Ip_GPIO_EnableClock
                0x08000474       0x7c Output/Src/Ip/ip_gpio.o
 .text.Ip_GPIO_Config
                0x080004f0       0xca Output/Src/Ip/ip_gpio.o
                0x080004f0                Ip_GPIO_Config
 .text.Ip_GPIO_Read_Pin
                0x080005ba       0x28 Output/Src/Ip/ip_gpio.o
                0x080005ba                Ip_GPIO_Read_Pin
 .text.Ip_Joystick_Init
                0x080005e2       0x2e Output/Src/Ip/ip_joystick.o
                0x080005e2                Ip_Joystick_Init
 .text.Ip_Joystick_ReadX
                0x08000610       0x20 Output/Src/Ip/ip_joystick.o
                0x08000610                Ip_Joystick_ReadX
 .text.Ip_Joystick_ReadY
                0x08000630       0x20 Output/Src/Ip/ip_joystick.o
                0x08000630                Ip_Joystick_ReadY
 .text.Ip_Mode_Init
                0x08000650       0x3a Output/Src/Ip/ip_mode.o
                0x08000650                Ip_Mode_Init
 .text.Ip_Mode_Update
                0x0800068a       0x8a Output/Src/Ip/ip_mode.o
                0x0800068a                Ip_Mode_Update
 .text.Ip_Protocol_Encode
                0x08000714       0x68 Output/Src/Ip/ip_protocol.o
                0x08000714                Ip_Protocol_Encode
 .text.Ip_Protocol_Send
                0x0800077c       0x4a Output/Src/Ip/ip_protocol.o
                0x0800077c                Ip_Protocol_Send
 *fill*         0x080007c6        0x2 
 .text.Ip_SysTick_DelayUs
                0x080007c8       0x48 Output/Src/Ip/ip_systick.o
                0x080007c8                Ip_SysTick_DelayUs
 .text.Ip_SysTick_DelayMs
                0x08000810       0x26 Output/Src/Ip/ip_systick.o
                0x08000810                Ip_SysTick_DelayMs
 *fill*         0x08000836        0x2 
 .text.NVIC_EnableIRQ
                0x08000838       0x30 Output/Src/Ip/ip_uart.o
 .text.Ip_UART1_Init
                0x08000868       0xbc Output/Src/Ip/ip_uart.o
                0x08000868                Ip_UART1_Init
 .text.USART1_IRQHandler
                0x08000924       0x70 Output/Src/Ip/ip_uart.o
                0x08000924                USART1_IRQHandler
 .text.Ip_UART1_SendChar
                0x08000994       0x30 Output/Src/Ip/ip_uart.o
                0x08000994                Ip_UART1_SendChar
 .text.Ip_UART1_SendNumber
                0x080009c4       0x98 Output/Src/Ip/ip_uart.o
                0x080009c4                Ip_UART1_SendNumber
 .text.Mid_Gamepad_Init
                0x08000a5c       0x2a Output/Src/MIddleware/mid_gamepad.o
                0x08000a5c                Mid_Gamepad_Init
 .text.Mid_Gamepad_Update
                0x08000a86       0x16 Output/Src/MIddleware/mid_gamepad.o
                0x08000a86                Mid_Gamepad_Update
 .text.Mid_SysTick_DelayMs
                0x08000a9c       0x16 Output/Src/MIddleware/mid_systick.o
                0x08000a9c                Mid_SysTick_DelayMs
 .text.Mid_UART1_Init
                0x08000ab2       0x16 Output/Src/MIddleware/mid_uart.o
                0x08000ab2                Mid_UART1_Init
 .text.main     0x08000ac8       0x3c Output/Src/main.o
                0x08000ac8                main
 .text.SystemInit
                0x08000b04       0x68 Output/Lib/CMSIS/CM3/DeviceSupport/ST/STM32F10x/system_stm32f10x.o
                0x08000b04                SystemInit
 .text.SetSysClock
                0x08000b6c        0xc Output/Lib/CMSIS/CM3/DeviceSupport/ST/STM32F10x/system_stm32f10x.o
 .text.SetSysClockTo72
                0x08000b78      0x100 Output/Lib/CMSIS/CM3/DeviceSupport/ST/STM32F10x/system_stm32f10x.o
 .text          0x08000c78       0x8c Output/startup.o
                0x08000c78                Reset_Handler
                0x08000cfc                EXTI2_IRQHandler
                0x08000cfc                DebugMon_Handler
                0x08000cfc                TIM1_CC_IRQHandler
                0x08000cfc                HardFault_Handler
                0x08000cfc                SysTick_Handler
                0x08000cfc                PVD_IRQHandler
                0x08000cfc                PendSV_Handler
                0x08000cfc                NMI_Handler
                0x08000cfc                EXTI3_IRQHandler
                0x08000cfc                EXTI0_IRQHandler
                0x08000cfc                I2C2_EV_IRQHandler
                0x08000cfc                UsageFault_Handler
                0x08000cfc                ADC1_2_IRQHandler
                0x08000cfc                SPI1_IRQHandler
                0x08000cfc                TAMPER_IRQHandler
                0x08000cfc                DMA1_Channel4_IRQHandler
                0x08000cfc                USART3_IRQHandler
                0x08000cfc                RTC_IRQHandler
                0x08000cfc                DMA1_Channel7_IRQHandler
                0x08000cfc                RTC_Alarm_IRQHandler
                0x08000cfc                CAN1_RX1_IRQHandler
                0x08000cfc                TIM4_IRQHandler
                0x08000cfc                I2C1_EV_IRQHandler
                0x08000cfc                DMA1_Channel6_IRQHandler
                0x08000cfc                TIM3_IRQHandler
                0x08000cfc                RCC_IRQHandler
                0x08000cfc                TIM1_TRG_COM_IRQHandler
                0x08000cfc                DMA1_Channel1_IRQHandler
                0x08000cfc                Default_Handler
                0x08000cfc                EXTI15_10_IRQHandler
                0x08000cfc                EXTI9_5_IRQHandler
                0x08000cfc                SPI2_IRQHandler
                0x08000cfc                MemManage_Handler
                0x08000cfc                SVC_Handler
                0x08000cfc                DMA1_Channel5_IRQHandler
                0x08000cfc                EXTI4_IRQHandler
                0x08000cfc                USB_LP_CAN1_RX0_IRQHandler
                0x08000cfc                USB_HP_CAN1_TX_IRQHandler
                0x08000cfc                DMA1_Channel3_IRQHandler
                0x08000cfc                TIM1_UP_IRQHandler
                0x08000cfc                WWDG_IRQHandler
                0x08000cfc                TIM2_IRQHandler
                0x08000cfc                TIM1_BRK_IRQHandler
                0x08000cfc                EXTI1_IRQHandler
                0x08000cfc                USART2_IRQHandler
                0x08000cfc                I2C2_ER_IRQHandler
                0x08000cfc                DMA1_Channel2_IRQHandler
                0x08000cfc                CAN1_SCE_IRQHandler
                0x08000cfc                FLASH_IRQHandler
                0x08000cfc                BusFault_Handler
                0x08000cfc                I2C1_ER_IRQHandler
                0x08000cfc                USBWakeUp_IRQHandler
 *(.rodata*)
                0x08000d04                . = ALIGN (0x4)
                0x08000d04                _etext = .
                0x08000d04                _sidata = LOADADDR (.data)

.glue_7         0x08000d04        0x0
 .glue_7        0x08000d04        0x0 linker stubs

.glue_7t        0x08000d04        0x0
 .glue_7t       0x08000d04        0x0 linker stubs

.vfp11_veneer   0x08000d04        0x0
 .vfp11_veneer  0x08000d04        0x0 linker stubs

.v4_bx          0x08000d04        0x0
 .v4_bx         0x08000d04        0x0 linker stubs

.init           0x08000d04        0x4
 .init          0x08000d04        0x4 g:/keilc/btlktvxl/bai1_xedieukhienble/gamepad/tools/cygwin/gnu_arm_toolchain/10_2021_10/bin/../lib/gcc/arm-none-eabi/10.3.1/thumb/v7-m/nofp/crti.o
                0x08000d04                _init

.fini           0x08000d08        0x4
 .fini          0x08000d08        0x4 g:/keilc/btlktvxl/bai1_xedieukhienble/gamepad/tools/cygwin/gnu_arm_toolchain/10_2021_10/bin/../lib/gcc/arm-none-eabi/10.3.1/thumb/v7-m/nofp/crti.o
                0x08000d08                _fini

.iplt           0x08000d0c        0x0
 .iplt          0x08000d0c        0x0 Output/Src/Application/app_gamepad.o

.rel.dyn        0x08000d0c        0x0
 .rel.iplt      0x08000d0c        0x0 Output/Src/Application/app_gamepad.o

.data           0x20000000        0x0 load address 0x08000d04
                0x20000000                . = ALIGN (0x4)
                0x20000000                _sdata = .
 *(.data*)
                0x20000000                . = ALIGN (0x4)
                0x20000000                _edata = .

.igot.plt       0x20000000        0x0
 .igot.plt      0x20000000        0x0 Output/Src/Application/app_gamepad.o

.bss            0x20000000       0x54
                0x20000000                . = ALIGN (0x4)
                0x20000000                _sbss = .
 *(.bss*)
 .bss.current_channel
                0x20000000        0x1 Output/Src/Ip/ip_adc.o
 .bss.adc_inited.0
                0x20000001        0x1 Output/Src/Ip/ip_adc.o
 *fill*         0x20000002        0x2 
 .bss.uart1_rx_buffer
                0x20000004       0x40 Output/Src/Ip/ip_uart.o
 .bss.uart1_rx_head
                0x20000044        0x1 Output/Src/Ip/ip_uart.o
 .bss.uart1_rx_tail
                0x20000045        0x1 Output/Src/Ip/ip_uart.o
 *fill*         0x20000046        0x2 
 .bss.gamepad   0x20000048        0xc Output/Src/main.o
                0x20000048                gamepad
 *(COMMON)
                0x20000054                . = ALIGN (0x4)
                0x20000054                _ebss = .
                0x20000054                _end = .
OUTPUT(Output/Xedieukhien_BLE.elf elf32-littlearm)
LOAD linker stubs

.ARM.attributes
                0x00000000       0x29
 .ARM.attributes
                0x00000000       0x1d g:/keilc/btlktvxl/bai1_xedieukhienble/gamepad/tools/cygwin/gnu_arm_toolchain/10_2021_10/bin/../lib/gcc/arm-none-eabi/10.3.1/thumb/v7-m/nofp/crti.o
 .ARM.attributes
                0x0000001d       0x2d Output/Src/Application/app_gamepad.o
 .ARM.attributes
                0x0000004a       0x2d Output/Src/Application/app_systick.o
 .ARM.attributes
                0x00000077       0x2d Output/Src/Application/app_uart.o
 .ARM.attributes
                0x000000a4       0x2d Output/Src/Ip/ip_adc.o
 .ARM.attributes
                0x000000d1       0x2d Output/Src/Ip/ip_bluetooth.o
 .ARM.attributes
                0x000000fe       0x2d Output/Src/Ip/ip_gamepad.o
 .ARM.attributes
                0x0000012b       0x2d Output/Src/Ip/ip_gpio.o
 .ARM.attributes
                0x00000158       0x2d Output/Src/Ip/ip_joystick.o
 .ARM.attributes
                0x00000185       0x2d Output/Src/Ip/ip_mode.o
 .ARM.attributes
                0x000001b2       0x2d Output/Src/Ip/ip_protocol.o
 .ARM.attributes
                0x000001df       0x2d Output/Src/Ip/ip_systick.o
 .ARM.attributes
                0x0000020c       0x2d Output/Src/Ip/ip_uart.o
 .ARM.attributes
                0x00000239       0x2d Output/Src/MIddleware/mid_gamepad.o
 .ARM.attributes
                0x00000266       0x2d Output/Src/MIddleware/mid_systick.o
 .ARM.attributes
                0x00000293       0x2d Output/Src/MIddleware/mid_uart.o
 .ARM.attributes
                0x000002c0       0x2d Output/Src/main.o
 .ARM.attributes
                0x000002ed       0x2d Output/Lib/CMSIS/CM3/DeviceSupport/ST/STM32F10x/system_stm32f10x.o
 .ARM.attributes
                0x0000031a       0x2d Output/startup.o

.comment        0x00000000       0x49
 .comment       0x00000000       0x49 Output/Src/Application/app_gamepad.o
                                 0x4a (size before relaxing)
 .comment       0x00000049       0x4a Output/Src/Application/app_systick.o
 .comment       0x00000049       0x4a Output/Src/Application/app_uart.o
 .comment       0x00000049       0x4a Output/Src/Ip/ip_adc.o
 .comment       0x00000049       0x4a Output/Src/Ip/ip_bluetooth.o
 .comment       0x00000049       0x4a Output/Src/Ip/ip_gamepad.o
 .comment       0x00000049       0x4a Output/Src/Ip/ip_gpio.o
 .comment       0x00000049       0x4a Output/Src/Ip/ip_joystick.o
 .comment       0x00000049       0x4a Output/Src/Ip/ip_mode.o
 .comment       0x00000049       0x4a Output/Src/Ip/ip_protocol.o
 .comment       0x00000049       0x4a Output/Src/Ip/ip_systick.o
 .comment       0x00000049       0x4a Output/Src/Ip/ip_uart.o
 .comment       0x00000049       0x4a Output/Src/MIddleware/mid_gamepad.o
 .comment       0x00000049       0x4a Output/Src/MIddleware/mid_systick.o
 .comment       0x00000049       0x4a Output/Src/MIddleware/mid_uart.o
 .comment       0x00000049       0x4a Output/Src/main.o
 .comment       0x00000049       0x4a Output/Lib/CMSIS/CM3/DeviceSupport/ST/STM32F10x/system_stm32f10x.o
 .comment       0x00000049       0x4a Output/startup.o

.debug_info     0x00000000     0x2b84
 .debug_info    0x00000000      0x381 Output/Src/Application/app_gamepad.o
 .debug_info    0x00000381       0xce Output/Src/Application/app_systick.o
 .debug_info    0x0000044f      0x183 Output/Src/Application/app_uart.o
 .debug_info    0x000005d2      0x3c3 Output/Src/Ip/ip_adc.o
 .debug_info    0x00000995      0x183 Output/Src/Ip/ip_bluetooth.o
 .debug_info    0x00000b18      0x323 Output/Src/Ip/ip_gamepad.o
 .debug_info    0x00000e3b      0x349 Output/Src/Ip/ip_gpio.o
 .debug_info    0x00001184      0x1e3 Output/Src/Ip/ip_joystick.o
 .debug_info    0x00001367      0x24e Output/Src/Ip/ip_mode.o
 .debug_info    0x000015b5      0x193 Output/Src/Ip/ip_protocol.o
 .debug_info    0x00001748      0x128 Output/Src/Ip/ip_systick.o
 .debug_info    0x00001870      0x70d Output/Src/Ip/ip_uart.o
 .debug_info    0x00001f7d      0x2a5 Output/Src/MIddleware/mid_gamepad.o
 .debug_info    0x00002222       0xce Output/Src/MIddleware/mid_systick.o
 .debug_info    0x000022f0      0x1d8 Output/Src/MIddleware/mid_uart.o
 .debug_info    0x000024c8      0x243 Output/Src/main.o
 .debug_info    0x0000270b      0x479 Output/Lib/CMSIS/CM3/DeviceSupport/ST/STM32F10x/system_stm32f10x.o

.debug_abbrev   0x00000000     0x11cc
 .debug_abbrev  0x00000000      0x131 Output/Src/Application/app_gamepad.o
 .debug_abbrev  0x00000131       0x83 Output/Src/Application/app_systick.o
 .debug_abbrev  0x000001b4       0xb9 Output/Src/Application/app_uart.o
 .debug_abbrev  0x0000026d      0x12b Output/Src/Ip/ip_adc.o
 .debug_abbrev  0x00000398       0xb9 Output/Src/Ip/ip_bluetooth.o
 .debug_abbrev  0x00000451      0x153 Output/Src/Ip/ip_gamepad.o
 .debug_abbrev  0x000005a4      0x15a Output/Src/Ip/ip_gpio.o
 .debug_abbrev  0x000006fe       0xbf Output/Src/Ip/ip_joystick.o
 .debug_abbrev  0x000007bd      0x144 Output/Src/Ip/ip_mode.o
 .debug_abbrev  0x00000901       0xc3 Output/Src/Ip/ip_protocol.o
 .debug_abbrev  0x000009c4       0xd1 Output/Src/Ip/ip_systick.o
 .debug_abbrev  0x00000a95      0x1f8 Output/Src/Ip/ip_uart.o
 .debug_abbrev  0x00000c8d      0x120 Output/Src/MIddleware/mid_gamepad.o
 .debug_abbrev  0x00000dad       0x83 Output/Src/MIddleware/mid_systick.o
 .debug_abbrev  0x00000e30       0xe3 Output/Src/MIddleware/mid_uart.o
 .debug_abbrev  0x00000f13      0x108 Output/Src/main.o
 .debug_abbrev  0x0000101b      0x1b1 Output/Lib/CMSIS/CM3/DeviceSupport/ST/STM32F10x/system_stm32f10x.o

.debug_aranges  0x00000000      0x380
 .debug_aranges
                0x00000000       0x28 Output/Src/Application/app_gamepad.o
 .debug_aranges
                0x00000028       0x28 Output/Src/Application/app_systick.o
 .debug_aranges
                0x00000050       0x48 Output/Src/Application/app_uart.o
 .debug_aranges
                0x00000098       0x38 Output/Src/Ip/ip_adc.o
 .debug_aranges
                0x000000d0       0x48 Output/Src/Ip/ip_bluetooth.o
 .debug_aranges
                0x00000118       0x28 Output/Src/Ip/ip_gamepad.o
 .debug_aranges
                0x00000140       0x40 Output/Src/Ip/ip_gpio.o
 .debug_aranges
                0x00000180       0x40 Output/Src/Ip/ip_joystick.o
 .debug_aranges
                0x000001c0       0x28 Output/Src/Ip/ip_mode.o
 .debug_aranges
                0x000001e8       0x28 Output/Src/Ip/ip_protocol.o
 .debug_aranges
                0x00000210       0x28 Output/Src/Ip/ip_systick.o
 .debug_aranges
                0x00000238       0x58 Output/Src/Ip/ip_uart.o
 .debug_aranges
                0x00000290       0x28 Output/Src/MIddleware/mid_gamepad.o
 .debug_aranges
                0x000002b8       0x28 Output/Src/MIddleware/mid_systick.o
 .debug_aranges
                0x000002e0       0x48 Output/Src/MIddleware/mid_uart.o
 .debug_aranges
                0x00000328       0x20 Output/Src/main.o
 .debug_aranges
                0x00000348       0x38 Output/Lib/CMSIS/CM3/DeviceSupport/ST/STM32F10x/system_stm32f10x.o

.debug_ranges   0x00000000      0x270
 .debug_ranges  0x00000000       0x18 Output/Src/Application/app_gamepad.o
 .debug_ranges  0x00000018       0x18 Output/Src/Application/app_systick.o
 .debug_ranges  0x00000030       0x38 Output/Src/Application/app_uart.o
 .debug_ranges  0x00000068       0x28 Output/Src/Ip/ip_adc.o
 .debug_ranges  0x00000090       0x38 Output/Src/Ip/ip_bluetooth.o
 .debug_ranges  0x000000c8       0x18 Output/Src/Ip/ip_gamepad.o
 .debug_ranges  0x000000e0       0x30 Output/Src/Ip/ip_gpio.o
 .debug_ranges  0x00000110       0x30 Output/Src/Ip/ip_joystick.o
 .debug_ranges  0x00000140       0x18 Output/Src/Ip/ip_mode.o
 .debug_ranges  0x00000158       0x18 Output/Src/Ip/ip_protocol.o
 .debug_ranges  0x00000170       0x18 Output/Src/Ip/ip_systick.o
 .debug_ranges  0x00000188       0x48 Output/Src/Ip/ip_uart.o
 .debug_ranges  0x000001d0       0x18 Output/Src/MIddleware/mid_gamepad.o
 .debug_ranges  0x000001e8       0x18 Output/Src/MIddleware/mid_systick.o
 .debug_ranges  0x00000200       0x38 Output/Src/MIddleware/mid_uart.o
 .debug_ranges  0x00000238       0x10 Output/Src/main.o
 .debug_ranges  0x00000248       0x28 Output/Lib/CMSIS/CM3/DeviceSupport/ST/STM32F10x/system_stm32f10x.o

.debug_macro    0x00000000     0x226a
 .debug_macro   0x00000000      0x1cb Output/Src/Application/app_gamepad.o
 .debug_macro   0x000001cb      0x18f Output/Src/Application/app_systick.o
 .debug_macro   0x0000035a      0x194 Output/Src/Application/app_uart.o
 .debug_macro   0x000004ee       0x10 Output/Src/Application/app_uart.o
 .debug_macro   0x000004fe      0x185 Output/Src/Ip/ip_adc.o
 .debug_macro   0x00000683      0x18e Output/Src/Ip/ip_bluetooth.o
 .debug_macro   0x00000811       0x10 Output/Src/Ip/ip_bluetooth.o
 .debug_macro   0x00000821      0x1ab Output/Src/Ip/ip_gamepad.o
 .debug_macro   0x000009cc      0x185 Output/Src/Ip/ip_gpio.o
 .debug_macro   0x00000b51      0x18f Output/Src/Ip/ip_joystick.o
 .debug_macro   0x00000ce0      0x1ad Output/Src/Ip/ip_mode.o
 .debug_macro   0x00000e8d      0x19c Output/Src/Ip/ip_protocol.o
 .debug_macro   0x00001029      0x6bd Output/Src/Ip/ip_protocol.o
 .debug_macro   0x000016e6      0x185 Output/Src/Ip/ip_systick.o
 .debug_macro   0x0000186b      0x18b Output/Src/Ip/ip_uart.o
 .debug_macro   0x000019f6      0x1c5 Output/Src/MIddleware/mid_gamepad.o
 .debug_macro   0x00001bbb      0x18f Output/Src/MIddleware/mid_systick.o
 .debug_macro   0x00001d4a      0x194 Output/Src/MIddleware/mid_uart.o
 .debug_macro   0x00001ede      0x1f4 Output/Src/main.o
 .debug_macro   0x000020d2       0x10 Output/Src/main.o
 .debug_macro   0x000020e2      0x188 Output/Lib/CMSIS/CM3/DeviceSupport/ST/STM32F10x/system_stm32f10x.o

.debug_line     0x00000000     0x60b1
 .debug_line    0x00000000      0x5b7 Output/Src/Application/app_gamepad.o
 .debug_line    0x000005b7      0x54d Output/Src/Application/app_systick.o
 .debug_line    0x00000b04      0x5a0 Output/Src/Application/app_uart.o
 .debug_line    0x000010a4      0x630 Output/Src/Ip/ip_adc.o
 .debug_line    0x000016d4      0x588 Output/Src/Ip/ip_bluetooth.o
 .debug_line    0x00001c5c      0x5a1 Output/Src/Ip/ip_gamepad.o
 .debug_line    0x000021fd      0x609 Output/Src/Ip/ip_gpio.o
 .debug_line    0x00002806      0x584 Output/Src/Ip/ip_joystick.o
 .debug_line    0x00002d8a      0x596 Output/Src/Ip/ip_mode.o
 .debug_line    0x00003320      0x559 Output/Src/Ip/ip_protocol.o
 .debug_line    0x00003879      0x555 Output/Src/Ip/ip_systick.o
 .debug_line    0x00003dce      0x66f Output/Src/Ip/ip_uart.o
 .debug_line    0x0000443d      0x591 Output/Src/MIddleware/mid_gamepad.o
 .debug_line    0x000049ce      0x542 Output/Src/MIddleware/mid_systick.o
 .debug_line    0x00004f10      0x595 Output/Src/MIddleware/mid_uart.o
 .debug_line    0x000054a5      0x5ad Output/Src/main.o
 .debug_line    0x00005a52      0x65f Output/Lib/CMSIS/CM3/DeviceSupport/ST/STM32F10x/system_stm32f10x.o

.debug_str      0x00000000    0x4df35
 .debug_str     0x00000000    0x4d1b7 Output/Src/Application/app_gamepad.o
                              0x4d357 (size before relaxing)
 .debug_str     0x0004d1b7       0x67 Output/Src/Application/app_systick.o
                              0x4d1a6 (size before relaxing)
 .debug_str     0x0004d21e       0xf3 Output/Src/Application/app_uart.o
                              0x4d24c (size before relaxing)
 .debug_str     0x0004d311      0x11b Output/Src/Ip/ip_adc.o
                              0x4d29f (size before relaxing)
 .debug_str     0x0004d42c       0xcc Output/Src/Ip/ip_bluetooth.o
                              0x4d238 (size before relaxing)
 .debug_str     0x0004d4f8       0xae Output/Src/Ip/ip_gamepad.o
                              0x4d2ee (size before relaxing)
 .debug_str     0x0004d5a6       0xdf Output/Src/Ip/ip_gpio.o
                              0x4d2a5 (size before relaxing)
 .debug_str     0x0004d685       0x82 Output/Src/Ip/ip_joystick.o
                              0x4d21d (size before relaxing)
 .debug_str     0x0004d707       0x56 Output/Src/Ip/ip_mode.o
                              0x4d298 (size before relaxing)
 .debug_str     0x0004d75d       0x75 Output/Src/Ip/ip_protocol.o
                              0x4d25e (size before relaxing)
 .debug_str     0x0004d7d2       0x57 Output/Src/Ip/ip_systick.o
                              0x4d1a6 (size before relaxing)
 .debug_str     0x0004d829      0x435 Output/Src/Ip/ip_uart.o
                              0x4d63d (size before relaxing)
 .debug_str     0x0004dc5e       0x49 Output/Src/MIddleware/mid_gamepad.o
                              0x4d2ef (size before relaxing)
 .debug_str     0x0004dca7       0x45 Output/Src/MIddleware/mid_systick.o
                              0x4d1a5 (size before relaxing)
 .debug_str     0x0004dcec       0x8f Output/Src/MIddleware/mid_uart.o
                              0x4d263 (size before relaxing)
 .debug_str     0x0004dd7b       0x51 Output/Src/main.o
                              0x4d2f7 (size before relaxing)
 .debug_str     0x0004ddcc      0x169 Output/Lib/CMSIS/CM3/DeviceSupport/ST/STM32F10x/system_stm32f10x.o
                              0x4d312 (size before relaxing)

.debug_frame    0x00000000      0x988
 .debug_frame   0x00000000       0x58 Output/Src/Application/app_gamepad.o
 .debug_frame   0x00000058       0x58 Output/Src/Application/app_systick.o
 .debug_frame   0x000000b0       0xd8 Output/Src/Application/app_uart.o
 .debug_frame   0x00000188       0x98 Output/Src/Ip/ip_adc.o
 .debug_frame   0x00000220       0xd8 Output/Src/Ip/ip_bluetooth.o
 .debug_frame   0x000002f8       0x58 Output/Src/Ip/ip_gamepad.o
 .debug_frame   0x00000350       0xd4 Output/Src/Ip/ip_gpio.o
 .debug_frame   0x00000424       0xc8 Output/Src/Ip/ip_joystick.o
 .debug_frame   0x000004ec       0x58 Output/Src/Ip/ip_mode.o
 .debug_frame   0x00000544       0x5c Output/Src/Ip/ip_protocol.o
 .debug_frame   0x000005a0       0x5c Output/Src/Ip/ip_systick.o
 .debug_frame   0x000005fc      0x13c Output/Src/Ip/ip_uart.o
 .debug_frame   0x00000738       0x58 Output/Src/MIddleware/mid_gamepad.o
 .debug_frame   0x00000790       0x58 Output/Src/MIddleware/mid_systick.o
 .debug_frame   0x000007e8       0xd8 Output/Src/MIddleware/mid_uart.o
 .debug_frame   0x000008c0       0x30 Output/Src/main.o
 .debug_frame   0x000008f0       0x98 Output/Lib/CMSIS/CM3/DeviceSupport/ST/STM32F10x/system_stm32f10x.o
