Archive member included to satisfy reference by file (symbol)

g:/keilc/btlktvxl/bai1_xedieukhienble/gamepad/tools/cygwin/gnu_arm_toolchain/10_2021_10/bin/../lib/gcc/arm-none-eabi/10.3.1/thumb/v7-m/nofp\libgcc.a(_arm_mulsf3.o)
                              Output/Ip/ip_adc.o (__aeabi_fmul)
g:/keilc/btlktvxl/bai1_xedieukhienble/gamepad/tools/cygwin/gnu_arm_toolchain/10_2021_10/bin/../lib/gcc/arm-none-eabi/10.3.1/thumb/v7-m/nofp\libgcc.a(_arm_addsubsf3.o)
                              Output/Ip/ip_adc.o (__aeabi_i2f)
g:/keilc/btlktvxl/bai1_xedieukhienble/gamepad/tools/cygwin/gnu_arm_toolchain/10_2021_10/bin/../lib/gcc/arm-none-eabi/10.3.1/thumb/v7-m/nofp\libgcc.a(_arm_muldivsf3.o)
                              Output/Ip/ip_adc.o (__aeabi_fdiv)
g:/keilc/btlktvxl/bai1_xedieukhienble/gamepad/tools/cygwin/gnu_arm_toolchain/10_2021_10/bin/../lib/gcc/arm-none-eabi/10.3.1/../../../../arm-none-eabi/lib/thumb/v7-m/nofp\libc_nano.a(lib_a-exit.o)
                              g:/keilc/btlktvxl/bai1_xedieukhienble/gamepad/tools/cygwin/gnu_arm_toolchain/10_2021_10/bin/../lib/gcc/arm-none-eabi/10.3.1/../../../../arm-none-eabi/lib/thumb/v7-m/nofp/crt0.o (exit)
g:/keilc/btlktvxl/bai1_xedieukhienble/gamepad/tools/cygwin/gnu_arm_toolchain/10_2021_10/bin/../lib/gcc/arm-none-eabi/10.3.1/../../../../arm-none-eabi/lib/thumb/v7-m/nofp\libc_nano.a(lib_a-impure.o)
                              g:/keilc/btlktvxl/bai1_xedieukhienble/gamepad/tools/cygwin/gnu_arm_toolchain/10_2021_10/bin/../lib/gcc/arm-none-eabi/10.3.1/../../../../arm-none-eabi/lib/thumb/v7-m/nofp\libc_nano.a(lib_a-exit.o) (_global_impure_ptr)
g:/keilc/btlktvxl/bai1_xedieukhienble/gamepad/tools/cygwin/gnu_arm_toolchain/10_2021_10/bin/../lib/gcc/arm-none-eabi/10.3.1/../../../../arm-none-eabi/lib/thumb/v7-m/nofp\libc_nano.a(lib_a-init.o)
                              g:/keilc/btlktvxl/bai1_xedieukhienble/gamepad/tools/cygwin/gnu_arm_toolchain/10_2021_10/bin/../lib/gcc/arm-none-eabi/10.3.1/../../../../arm-none-eabi/lib/thumb/v7-m/nofp/crt0.o (__libc_init_array)
g:/keilc/btlktvxl/bai1_xedieukhienble/gamepad/tools/cygwin/gnu_arm_toolchain/10_2021_10/bin/../lib/gcc/arm-none-eabi/10.3.1/../../../../arm-none-eabi/lib/thumb/v7-m/nofp\libc_nano.a(lib_a-memset.o)
                              g:/keilc/btlktvxl/bai1_xedieukhienble/gamepad/tools/cygwin/gnu_arm_toolchain/10_2021_10/bin/../lib/gcc/arm-none-eabi/10.3.1/../../../../arm-none-eabi/lib/thumb/v7-m/nofp/crt0.o (memset)

Discarded input sections

 .text          0x00000000        0x0 g:/keilc/btlktvxl/bai1_xedieukhienble/gamepad/tools/cygwin/gnu_arm_toolchain/10_2021_10/bin/../lib/gcc/arm-none-eabi/10.3.1/thumb/v7-m/nofp/crti.o
 .data          0x00000000        0x0 g:/keilc/btlktvxl/bai1_xedieukhienble/gamepad/tools/cygwin/gnu_arm_toolchain/10_2021_10/bin/../lib/gcc/arm-none-eabi/10.3.1/thumb/v7-m/nofp/crti.o
 .bss           0x00000000        0x0 g:/keilc/btlktvxl/bai1_xedieukhienble/gamepad/tools/cygwin/gnu_arm_toolchain/10_2021_10/bin/../lib/gcc/arm-none-eabi/10.3.1/thumb/v7-m/nofp/crti.o
 .text          0x00000000       0x40 g:/keilc/btlktvxl/bai1_xedieukhienble/gamepad/tools/cygwin/gnu_arm_toolchain/10_2021_10/bin/../lib/gcc/arm-none-eabi/10.3.1/thumb/v7-m/nofp/crtbegin.o
 .data          0x00000000        0x4 g:/keilc/btlktvxl/bai1_xedieukhienble/gamepad/tools/cygwin/gnu_arm_toolchain/10_2021_10/bin/../lib/gcc/arm-none-eabi/10.3.1/thumb/v7-m/nofp/crtbegin.o
 .bss           0x00000000       0x1c g:/keilc/btlktvxl/bai1_xedieukhienble/gamepad/tools/cygwin/gnu_arm_toolchain/10_2021_10/bin/../lib/gcc/arm-none-eabi/10.3.1/thumb/v7-m/nofp/crtbegin.o
 .rodata        0x00000000       0x24 g:/keilc/btlktvxl/bai1_xedieukhienble/gamepad/tools/cygwin/gnu_arm_toolchain/10_2021_10/bin/../lib/gcc/arm-none-eabi/10.3.1/thumb/v7-m/nofp/crtbegin.o
 .init_array    0x00000000        0x4 g:/keilc/btlktvxl/bai1_xedieukhienble/gamepad/tools/cygwin/gnu_arm_toolchain/10_2021_10/bin/../lib/gcc/arm-none-eabi/10.3.1/thumb/v7-m/nofp/crtbegin.o
 .fini_array    0x00000000        0x4 g:/keilc/btlktvxl/bai1_xedieukhienble/gamepad/tools/cygwin/gnu_arm_toolchain/10_2021_10/bin/../lib/gcc/arm-none-eabi/10.3.1/thumb/v7-m/nofp/crtbegin.o
 .eh_frame      0x00000000        0x0 g:/keilc/btlktvxl/bai1_xedieukhienble/gamepad/tools/cygwin/gnu_arm_toolchain/10_2021_10/bin/../lib/gcc/arm-none-eabi/10.3.1/thumb/v7-m/nofp/crtbegin.o
 .ARM.attributes
                0x00000000       0x2d g:/keilc/btlktvxl/bai1_xedieukhienble/gamepad/tools/cygwin/gnu_arm_toolchain/10_2021_10/bin/../lib/gcc/arm-none-eabi/10.3.1/thumb/v7-m/nofp/crtbegin.o
 .text          0x00000000       0x7c g:/keilc/btlktvxl/bai1_xedieukhienble/gamepad/tools/cygwin/gnu_arm_toolchain/10_2021_10/bin/../lib/gcc/arm-none-eabi/10.3.1/../../../../arm-none-eabi/lib/thumb/v7-m/nofp/crt0.o
 .data          0x00000000        0x0 g:/keilc/btlktvxl/bai1_xedieukhienble/gamepad/tools/cygwin/gnu_arm_toolchain/10_2021_10/bin/../lib/gcc/arm-none-eabi/10.3.1/../../../../arm-none-eabi/lib/thumb/v7-m/nofp/crt0.o
[...]
Memory Configuration

Name             Origin             Length             Attributes
FLASH            0x08000000         0x00010000         xr
SRAM             0x20000000         0x00005000         xrw
*default*        0x00000000         0xffffffff

Linker script and memory map

LOAD g:/keilc/btlktvxl/bai1_xedieukhienble/gamepad/tools/cygwin/gnu_arm_toolchain/10_2021_10/bin/../lib/gcc/arm-none-eabi/10.3.1/thumb/v7-m/nofp/crti.o
LOAD g:/keilc/btlktvxl/bai1_xedieukhienble/gamepad/tools/cygwin/gnu_arm_toolchain/10_2021_10/bin/../lib/gcc/arm-none-eabi/10.3.1/thumb/v7-m/nofp/crtbegin.o
LOAD g:/keilc/btlktvxl/bai1_xedieukhienble/gamepad/tools/cygwin/gnu_arm_toolchain/10_2021_10/bin/../lib/gcc/arm-none-eabi/10.3.1/../../../../arm-none-eabi/lib/thumb/v7-m/nofp/crt0.o
LOAD Output/Src/main.o
LOAD Output/Application/app_adc.o
LOAD Output/Application/app_bluetooth.o
LOAD Output/Application/app_gamepad.o
LOAD Output/Application/app_gpio.o
LOAD Output/Application/app_joystick.o
LOAD Output/Application/app_mode.o
LOAD Output/Application/app_protocol.o
LOAD Output/Application/app_systick.o
LOAD Output/Application/app_tim.o
LOAD Output/Application/app_uart.o
LOAD Output/Ip/ip_adc.o
LOAD Output/Ip/ip_bluetooth.o
LOAD Output/Ip/ip_gamepad.o
LOAD Output/Ip/ip_gpio.o
LOAD Output/Ip/ip_joystick.o
LOAD Output/Ip/ip_mode.o
LOAD Output/Ip/ip_protocol.o
LOAD Output/Ip/ip_systick.o
LOAD Output/Ip/ip_tim.o
LOAD Output/Ip/ip_uart.o
LOAD Output/Middleware/mid_adc.o
LOAD Output/Middleware/mid_bluetooth.o
LOAD Output/Middleware/mid_gamepad.o
LOAD Output/Middleware/mid_gpio.o
LOAD Output/Middleware/mid_joystick.o
LOAD Output/Middleware/mid_mode.o
LOAD Output/Middleware/mid_protocol.o
LOAD Output/Middleware/mid_systick.o
LOAD Output/Middleware/mid_tim.o
LOAD Output/Middleware/mid_uart.o
LOAD Output/Lib/STM32F10x_StdPeriph_Driver/src/misc.o
LOAD Output/Lib/STM32F10x_StdPeriph_Driver/src/stm32f10x_adc.o
LOAD Output/Lib/STM32F10x_StdPeriph_Driver/src/stm32f10x_bkp.o
LOAD Output/Lib/STM32F10x_StdPeriph_Driver/src/stm32f10x_can.o
LOAD Output/Lib/STM32F10x_StdPeriph_Driver/src/stm32f10x_cec.o
LOAD Output/Lib/STM32F10x_StdPeriph_Driver/src/stm32f10x_crc.o
LOAD Output/Lib/STM32F10x_StdPeriph_Driver/src/stm32f10x_dac.o
LOAD Output/Lib/STM32F10x_StdPeriph_Driver/src/stm32f10x_dbgmcu.o
LOAD Output/Lib/STM32F10x_StdPeriph_Driver/src/stm32f10x_dma.o
LOAD Output/Lib/STM32F10x_StdPeriph_Driver/src/stm32f10x_exti.o
LOAD Output/Lib/STM32F10x_StdPeriph_Driver/src/stm32f10x_flash.o
LOAD Output/Lib/STM32F10x_StdPeriph_Driver/src/stm32f10x_fsmc.o
LOAD Output/Lib/STM32F10x_StdPeriph_Driver/src/stm32f10x_gpio.o
LOAD Output/Lib/STM32F10x_StdPeriph_Driver/src/stm32f10x_i2c.o
LOAD Output/Lib/STM32F10x_StdPeriph_Driver/src/stm32f10x_iwdg.o
LOAD Output/Lib/STM32F10x_StdPeriph_Driver/src/stm32f10x_pwr.o
LOAD Output/Lib/STM32F10x_StdPeriph_Driver/src/stm32f10x_rcc.o
LOAD Output/Lib/STM32F10x_StdPeriph_Driver/src/stm32f10x_rtc.o
LOAD Output/Lib/STM32F10x_StdPeriph_Driver/src/stm32f10x_sdio.o
LOAD Output/Lib/STM32F10x_StdPeriph_Driver/src/stm32f10x_spi.o
LOAD Output/Lib/STM32F10x_StdPeriph_Driver/src/stm32f10x_tim.o
LOAD Output/Lib/STM32F10x_StdPeriph_Driver/src/stm32f10x_usart.o
LOAD Output/Lib/STM32F10x_StdPeriph_Driver/src/stm32f10x_wwdg.o
LOAD Output/Lib/CMSIS/CM3/DeviceSupport/ST/STM32F10x/system_stm32f10x.o
LOAD Output/startup.o
START GROUP
LOAD g:/keilc/btlktvxl/bai1_xedieukhienble/gamepad/tools/cygwin/gnu_arm_toolchain/10_2021_10/bin/../lib/gcc/arm-none-eabi/10.3.1/thumb/v7-m/nofp\libgcc.a
LOAD g:/keilc/btlktvxl/bai1_xedieukhienble/gamepad/tools/cygwin/gnu_arm_toolchain/10_2021_10/bin/../lib/gcc/arm-none-eabi/10.3.1/../../../../arm-none-eabi/lib/thumb/v7-m/nofp\libc_nano.a
END GROUP
START GROUP
LOAD g:/keilc/btlktvxl/bai1_xedieukhienble/gamepad/tools/cygwin/gnu_arm_toolchain/10_2021_10/bin/../lib/gcc/arm-none-eabi/10.3.1/thumb/v7-m/nofp\libgcc.a
LOAD g:/keilc/btlktvxl/bai1_xedieukhienble/gamepad/tools/cygwin/gnu_arm_toolchain/10_2021_10/bin/../lib/gcc/arm-none-eabi/10.3.1/../../../../arm-none-eabi/lib/thumb/v7-m/nofp\libc_nano.a
END GROUP
LOAD g:/keilc/btlktvxl/bai1_xedieukhienble/gamepad/tools/cygwin/gnu_arm_toolchain/10_2021_10/bin/../lib/gcc/arm-none-eabi/10.3.1/thumb/v7-m/nofp/crtend.o
LOAD g:/keilc/btlktvxl/bai1_xedieukhienble/gamepad/tools/cygwin/gnu_arm_toolchain/10_2021_10/bin/../lib/gcc/arm-none-eabi/10.3.1/thumb/v7-m/nofp/crtn.o
                0x20005000                _estack = (ORIGIN (SRAM) + LENGTH (SRAM))

.isr_vector     0x08000000      0x108
                0x08000000                . = ALIGN (0x4)
 *(.isr_vector)
 .isr_vector    0x08000000      0x108 Output/startup.o
                0x08000000                vector_table
                0x08000108                . = ALIGN (0x4)

.text           0x08000108      0xbfc
                0x08000108                . = ALIGN (0x4)
 *(.text*)
 .text.main     0x08000108       0x3c Output/Src/main.o
                0x08000108                main
 .text.App_Gamepad_Init
                0x08000144       0x2a Output/Application/app_gamepad.o
                0x08000144                App_Gamepad_Init
 .text.App_Gamepad_Update
                0x0800016e       0x16 Output/Application/app_gamepad.o
                0x0800016e                App_Gamepad_Update
 .text.App_SysTick_DelayMs
                0x08000184       0x16 Output/Application/app_systick.o
                0x08000184                App_SysTick_DelayMs
 .text.App_UART1_Init
                0x0800019a       0x16 Output/Application/app_uart.o
                0x0800019a                App_UART1_Init
 .text.Ip_ADC_GPIO_Config
                0x080001b0       0x74 Output/Ip/ip_adc.o
 .text.Ip_ADC1_Init_Single
                0x08000224      0x11c Output/Ip/ip_adc.o
                0x08000224                Ip_ADC1_Init_Single
 .text.Ip_ADC1_Read
                0x08000340       0x48 Output/Ip/ip_adc.o
                0x08000340                Ip_ADC1_Read
 .text.Ip_Bluetooth_SendChar
                0x08000388       0x1a Output/Ip/ip_bluetooth.o
                0x08000388                Ip_Bluetooth_SendChar
 .text.Ip_Bluetooth_SendNum
                0x080003a2       0x16 Output/Ip/ip_bluetooth.o
                0x080003a2                Ip_Bluetooth_SendNum
 .text.Ip_Gamepad_Init
                0x080003b8       0x34 Output/Ip/ip_gamepad.o
                0x080003b8                Ip_Gamepad_Init
 .text.Ip_Gamepad_Update
                0x080003ec       0xc4 Output/Ip/ip_gamepad.o
                0x080003ec                Ip_Gamepad_Update
 .text.Ip_GPIO_EnableClock
                0x080004b0       0x7c Output/Ip/ip_gpio.o
 .text.Ip_GPIO_Config
                0x0800052c       0xca Output/Ip/ip_gpio.o
                0x0800052c                Ip_GPIO_Config
 .text.Ip_GPIO_Read_Pin
                0x080005f6       0x28 Output/Ip/ip_gpio.o
                0x080005f6                Ip_GPIO_Read_Pin
 .text.Ip_Joystick_Init
                0x0800061e       0x2e Output/Ip/ip_joystick.o
                0x0800061e                Ip_Joystick_Init
 .text.Ip_Joystick_ReadX
                0x0800064c       0x20 Output/Ip/ip_joystick.o
                0x0800064c                Ip_Joystick_ReadX
 .text.Ip_Joystick_ReadY
                0x0800066c       0x20 Output/Ip/ip_joystick.o
                0x0800066c                Ip_Joystick_ReadY
 .text.Ip_Mode_Init
                0x0800068c       0x3a Output/Ip/ip_mode.o
                0x0800068c                Ip_Mode_Init
 .text.Ip_Mode_Update
                0x080006c6       0x8a Output/Ip/ip_mode.o
                0x080006c6                Ip_Mode_Update
 .text.Ip_Protocol_Encode
                0x08000750       0x68 Output/Ip/ip_protocol.o
                0x08000750                Ip_Protocol_Encode
 .text.Ip_Protocol_Send
                0x080007b8       0x4a Output/Ip/ip_protocol.o
                0x080007b8                Ip_Protocol_Send
 *fill*         0x08000802        0x2 
 .text.Ip_SysTick_DelayUs
                0x08000804       0x48 Output/Ip/ip_systick.o
                0x08000804                Ip_SysTick_DelayUs
 .text.Ip_SysTick_DelayMs
                0x0800084c       0x26 Output/Ip/ip_systick.o
                0x0800084c                Ip_SysTick_DelayMs
 *fill*         0x08000872        0x2 
 .text.NVIC_EnableIRQ
                0x08000874       0x30 Output/Ip/ip_uart.o
 .text.Ip_UART1_Init
                0x080008a4       0xbc Output/Ip/ip_uart.o
                0x080008a4                Ip_UART1_Init
 .text.USART1_IRQHandler
                0x08000960       0x70 Output/Ip/ip_uart.o
                0x08000960                USART1_IRQHandler
 .text.Ip_UART1_SendChar
                0x080009d0       0x30 Output/Ip/ip_uart.o
                0x080009d0                Ip_UART1_SendChar
 .text.Ip_UART1_SendNumber
                0x08000a00       0x98 Output/Ip/ip_uart.o
                0x08000a00                Ip_UART1_SendNumber
 .text.Mid_Gamepad_Init
                0x08000a98       0x2a Output/Middleware/mid_gamepad.o
                0x08000a98                Mid_Gamepad_Init
 .text.Mid_Gamepad_Update
                0x08000ac2       0x16 Output/Middleware/mid_gamepad.o
                0x08000ac2                Mid_Gamepad_Update
 .text.Mid_SysTick_DelayMs
                0x08000ad8       0x16 Output/Middleware/mid_systick.o
                0x08000ad8                Mid_SysTick_DelayMs
 .text.Mid_UART1_Init
                0x08000aee       0x16 Output/Middleware/mid_uart.o
                0x08000aee                Mid_UART1_Init
 .text.SystemInit
                0x08000b04       0x68 Output/Lib/CMSIS/CM3/DeviceSupport/ST/STM32F10x/system_stm32f10x.o
                0x08000b04                SystemInit
 .text.SetSysClock
                0x08000b6c        0xc Output/Lib/CMSIS/CM3/DeviceSupport/ST/STM32F10x/system_stm32f10x.o
 .text.SetSysClockTo72
                0x08000b78      0x100 Output/Lib/CMSIS/CM3/DeviceSupport/ST/STM32F10x/system_stm32f10x.o
 .text          0x08000c78       0x8c Output/startup.o
                0x08000c78                Reset_Handler
                0x08000cfc                EXTI2_IRQHandler
                0x08000cfc                DebugMon_Handler
                0x08000cfc                TIM1_CC_IRQHandler
                0x08000cfc                HardFault_Handler
                0x08000cfc                SysTick_Handler
                0x08000cfc                PVD_IRQHandler
                0x08000cfc                PendSV_Handler
                0x08000cfc                NMI_Handler
                0x08000cfc                EXTI3_IRQHandler
                0x08000cfc                EXTI0_IRQHandler
                0x08000cfc                I2C2_EV_IRQHandler
                0x08000cfc                UsageFault_Handler
                0x08000cfc                ADC1_2_IRQHandler
                0x08000cfc                SPI1_IRQHandler
                0x08000cfc                TAMPER_IRQHandler
                0x08000cfc                DMA1_Channel4_IRQHandler
                0x08000cfc                USART3_IRQHandler
                0x08000cfc                RTC_IRQHandler
                0x08000cfc                DMA1_Channel7_IRQHandler
                0x08000cfc                RTC_Alarm_IRQHandler
                0x08000cfc                CAN1_RX1_IRQHandler
                0x08000cfc                TIM4_IRQHandler
                0x08000cfc                I2C1_EV_IRQHandler
                0x08000cfc                DMA1_Channel6_IRQHandler
                0x08000cfc                TIM3_IRQHandler
                0x08000cfc                RCC_IRQHandler
                0x08000cfc                TIM1_TRG_COM_IRQHandler
                0x08000cfc                DMA1_Channel1_IRQHandler
                0x08000cfc                Default_Handler
                0x08000cfc                EXTI15_10_IRQHandler
                0x08000cfc                EXTI9_5_IRQHandler
                0x08000cfc                SPI2_IRQHandler
                0x08000cfc                MemManage_Handler
                0x08000cfc                SVC_Handler
                0x08000cfc                DMA1_Channel5_IRQHandler
                0x08000cfc                EXTI4_IRQHandler
                0x08000cfc                USB_LP_CAN1_RX0_IRQHandler
                0x08000cfc                USB_HP_CAN1_TX_IRQHandler
                0x08000cfc                DMA1_Channel3_IRQHandler
                0x08000cfc                TIM1_UP_IRQHandler
                0x08000cfc                WWDG_IRQHandler
                0x08000cfc                TIM2_IRQHandler
                0x08000cfc                TIM1_BRK_IRQHandler
                0x08000cfc                EXTI1_IRQHandler
                0x08000cfc                USART2_IRQHandler
                0x08000cfc                I2C2_ER_IRQHandler
                0x08000cfc                DMA1_Channel2_IRQHandler
                0x08000cfc                CAN1_SCE_IRQHandler
                0x08000cfc                FLASH_IRQHandler
                0x08000cfc                BusFault_Handler
                0x08000cfc                I2C1_ER_IRQHandler
                0x08000cfc                USBWakeUp_IRQHandler
 *(.rodata*)
                0x08000d04                . = ALIGN (0x4)
                0x08000d04                _etext = .
                0x08000d04                _sidata = LOADADDR (.data)

.glue_7         0x08000d04        0x0
 .glue_7        0x08000d04        0x0 linker stubs

.glue_7t        0x08000d04        0x0
 .glue_7t       0x08000d04        0x0 linker stubs

.vfp11_veneer   0x08000d04        0x0
 .vfp11_veneer  0x08000d04        0x0 linker stubs

.v4_bx          0x08000d04        0x0
 .v4_bx         0x08000d04        0x0 linker stubs

.init           0x08000d04        0x4
 .init          0x08000d04        0x4 g:/keilc/btlktvxl/bai1_xedieukhienble/gamepad/tools/cygwin/gnu_arm_toolchain/10_2021_10/bin/../lib/gcc/arm-none-eabi/10.3.1/thumb/v7-m/nofp/crti.o
                0x08000d04                _init

.fini           0x08000d08        0x4
 .fini          0x08000d08        0x4 g:/keilc/btlktvxl/bai1_xedieukhienble/gamepad/tools/cygwin/gnu_arm_toolchain/10_2021_10/bin/../lib/gcc/arm-none-eabi/10.3.1/thumb/v7-m/nofp/crti.o
                0x08000d08                _fini

.iplt           0x08000d0c        0x0
 .iplt          0x08000d0c        0x0 Output/Src/main.o

.rel.dyn        0x08000d0c        0x0
 .rel.iplt      0x08000d0c        0x0 Output/Src/main.o

.data           0x20000000        0x0 load address 0x08000d04
                0x20000000                . = ALIGN (0x4)
                0x20000000                _sdata = .
 *(.data*)
                0x20000000                . = ALIGN (0x4)
                0x20000000                _edata = .

.igot.plt       0x20000000        0x0
 .igot.plt      0x20000000        0x0 Output/Src/main.o

.bss            0x20000000       0x54
                0x20000000                . = ALIGN (0x4)
                0x20000000                _sbss = .
 *(.bss*)
 .bss.gamepad   0x20000000        0xc Output/Src/main.o
                0x20000000                gamepad
 .bss.current_channel
                0x2000000c        0x1 Output/Ip/ip_adc.o
 .bss.adc_inited.0
                0x2000000d        0x1 Output/Ip/ip_adc.o
 *fill*         0x2000000e        0x2 
 .bss.uart1_rx_buffer
                0x20000010       0x40 Output/Ip/ip_uart.o
 .bss.uart1_rx_head
                0x20000050        0x1 Output/Ip/ip_uart.o
 .bss.uart1_rx_tail
                0x20000051        0x1 Output/Ip/ip_uart.o
 *(COMMON)
                0x20000054                . = ALIGN (0x4)
 *fill*         0x20000052        0x2 
                0x20000054                _ebss = .
                0x20000054                _end = .
OUTPUT(Output/Xedieukhien_BLE.elf elf32-littlearm)
LOAD linker stubs

.ARM.attributes
                0x00000000       0x29
 .ARM.attributes
                0x00000000       0x1d g:/keilc/btlktvxl/bai1_xedieukhienble/gamepad/tools/cygwin/gnu_arm_toolchain/10_2021_10/bin/../lib/gcc/arm-none-eabi/10.3.1/thumb/v7-m/nofp/crti.o
 .ARM.attributes
                0x0000001d       0x2d Output/Src/main.o
 .ARM.attributes
                0x0000004a       0x2d Output/Application/app_gamepad.o
 .ARM.attributes
                0x00000077       0x2d Output/Application/app_systick.o
 .ARM.attributes
                0x000000a4       0x2d Output/Application/app_uart.o
 .ARM.attributes
                0x000000d1       0x2d Output/Ip/ip_adc.o
 .ARM.attributes
                0x000000fe       0x2d Output/Ip/ip_bluetooth.o
 .ARM.attributes
                0x0000012b       0x2d Output/Ip/ip_gamepad.o
 .ARM.attributes
                0x00000158       0x2d Output/Ip/ip_gpio.o
 .ARM.attributes
                0x00000185       0x2d Output/Ip/ip_joystick.o
 .ARM.attributes
                0x000001b2       0x2d Output/Ip/ip_mode.o
 .ARM.attributes
                0x000001df       0x2d Output/Ip/ip_protocol.o
 .ARM.attributes
                0x0000020c       0x2d Output/Ip/ip_systick.o
 .ARM.attributes
                0x00000239       0x2d Output/Ip/ip_uart.o
 .ARM.attributes
                0x00000266       0x2d Output/Middleware/mid_gamepad.o
 .ARM.attributes
                0x00000293       0x2d Output/Middleware/mid_systick.o
 .ARM.attributes
                0x000002c0       0x2d Output/Middleware/mid_uart.o
 .ARM.attributes
                0x000002ed       0x2d Output/Lib/CMSIS/CM3/DeviceSupport/ST/STM32F10x/system_stm32f10x.o
 .ARM.attributes
                0x0000031a       0x2d Output/startup.o

.comment        0x00000000       0x49
 .comment       0x00000000       0x49 Output/Src/main.o
                                 0x4a (size before relaxing)
 .comment       0x00000049       0x4a Output/Application/app_gamepad.o
 .comment       0x00000049       0x4a Output/Application/app_systick.o
 .comment       0x00000049       0x4a Output/Application/app_uart.o
 .comment       0x00000049       0x4a Output/Ip/ip_adc.o
 .comment       0x00000049       0x4a Output/Ip/ip_bluetooth.o
 .comment       0x00000049       0x4a Output/Ip/ip_gamepad.o
 .comment       0x00000049       0x4a Output/Ip/ip_gpio.o
 .comment       0x00000049       0x4a Output/Ip/ip_joystick.o
 .comment       0x00000049       0x4a Output/Ip/ip_mode.o
 .comment       0x00000049       0x4a Output/Ip/ip_protocol.o
 .comment       0x00000049       0x4a Output/Ip/ip_systick.o
 .comment       0x00000049       0x4a Output/Ip/ip_uart.o
 .comment       0x00000049       0x4a Output/Middleware/mid_gamepad.o
 .comment       0x00000049       0x4a Output/Middleware/mid_systick.o
 .comment       0x00000049       0x4a Output/Middleware/mid_uart.o
 .comment       0x00000049       0x4a Output/Lib/CMSIS/CM3/DeviceSupport/ST/STM32F10x/system_stm32f10x.o
 .comment       0x00000049       0x4a Output/startup.o

.debug_info     0x00000000     0x2b84
 .debug_info    0x00000000      0x243 Output/Src/main.o
 .debug_info    0x00000243      0x381 Output/Application/app_gamepad.o
 .debug_info    0x000005c4       0xce Output/Application/app_systick.o
 .debug_info    0x00000692      0x183 Output/Application/app_uart.o
 .debug_info    0x00000815      0x3c3 Output/Ip/ip_adc.o
 .debug_info    0x00000bd8      0x183 Output/Ip/ip_bluetooth.o
 .debug_info    0x00000d5b      0x323 Output/Ip/ip_gamepad.o
 .debug_info    0x0000107e      0x349 Output/Ip/ip_gpio.o
 .debug_info    0x000013c7      0x1e3 Output/Ip/ip_joystick.o
 .debug_info    0x000015aa      0x24e Output/Ip/ip_mode.o
 .debug_info    0x000017f8      0x193 Output/Ip/ip_protocol.o
 .debug_info    0x0000198b      0x128 Output/Ip/ip_systick.o
 .debug_info    0x00001ab3      0x70d Output/Ip/ip_uart.o
 .debug_info    0x000021c0      0x2a5 Output/Middleware/mid_gamepad.o
 .debug_info    0x00002465       0xce Output/Middleware/mid_systick.o
 .debug_info    0x00002533      0x1d8 Output/Middleware/mid_uart.o
 .debug_info    0x0000270b      0x479 Output/Lib/CMSIS/CM3/DeviceSupport/ST/STM32F10x/system_stm32f10x.o

.debug_abbrev   0x00000000     0x11cc
 .debug_abbrev  0x00000000      0x108 Output/Src/main.o
 .debug_abbrev  0x00000108      0x131 Output/Application/app_gamepad.o
 .debug_abbrev  0x00000239       0x83 Output/Application/app_systick.o
 .debug_abbrev  0x000002bc       0xb9 Output/Application/app_uart.o
 .debug_abbrev  0x00000375      0x12b Output/Ip/ip_adc.o
 .debug_abbrev  0x000004a0       0xb9 Output/Ip/ip_bluetooth.o
 .debug_abbrev  0x00000559      0x153 Output/Ip/ip_gamepad.o
 .debug_abbrev  0x000006ac      0x15a Output/Ip/ip_gpio.o
 .debug_abbrev  0x00000806       0xbf Output/Ip/ip_joystick.o
 .debug_abbrev  0x000008c5      0x144 Output/Ip/ip_mode.o
 .debug_abbrev  0x00000a09       0xc3 Output/Ip/ip_protocol.o
 .debug_abbrev  0x00000acc       0xd1 Output/Ip/ip_systick.o
 .debug_abbrev  0x00000b9d      0x1f8 Output/Ip/ip_uart.o
 .debug_abbrev  0x00000d95      0x120 Output/Middleware/mid_gamepad.o
 .debug_abbrev  0x00000eb5       0x83 Output/Middleware/mid_systick.o
 .debug_abbrev  0x00000f38       0xe3 Output/Middleware/mid_uart.o
 .debug_abbrev  0x0000101b      0x1b1 Output/Lib/CMSIS/CM3/DeviceSupport/ST/STM32F10x/system_stm32f10x.o

.debug_aranges  0x00000000      0x380
 .debug_aranges
                0x00000000       0x20 Output/Src/main.o
 .debug_aranges
                0x00000020       0x28 Output/Application/app_gamepad.o
 .debug_aranges
                0x00000048       0x28 Output/Application/app_systick.o
 .debug_aranges
                0x00000070       0x48 Output/Application/app_uart.o
 .debug_aranges
                0x000000b8       0x38 Output/Ip/ip_adc.o
 .debug_aranges
                0x000000f0       0x48 Output/Ip/ip_bluetooth.o
 .debug_aranges
                0x00000138       0x28 Output/Ip/ip_gamepad.o
 .debug_aranges
                0x00000160       0x40 Output/Ip/ip_gpio.o
 .debug_aranges
                0x000001a0       0x40 Output/Ip/ip_joystick.o
 .debug_aranges
                0x000001e0       0x28 Output/Ip/ip_mode.o
 .debug_aranges
                0x00000208       0x28 Output/Ip/ip_protocol.o
 .debug_aranges
                0x00000230       0x28 Output/Ip/ip_systick.o
 .debug_aranges
                0x00000258       0x58 Output/Ip/ip_uart.o
 .debug_aranges
                0x000002b0       0x28 Output/Middleware/mid_gamepad.o
 .debug_aranges
                0x000002d8       0x28 Output/Middleware/mid_systick.o
 .debug_aranges
                0x00000300       0x48 Output/Middleware/mid_uart.o
 .debug_aranges
                0x00000348       0x38 Output/Lib/CMSIS/CM3/DeviceSupport/ST/STM32F10x/system_stm32f10x.o

.debug_ranges   0x00000000      0x270
 .debug_ranges  0x00000000       0x10 Output/Src/main.o
 .debug_ranges  0x00000010       0x18 Output/Application/app_gamepad.o
 .debug_ranges  0x00000028       0x18 Output/Application/app_systick.o
 .debug_ranges  0x00000040       0x38 Output/Application/app_uart.o
 .debug_ranges  0x00000078       0x28 Output/Ip/ip_adc.o
 .debug_ranges  0x000000a0       0x38 Output/Ip/ip_bluetooth.o
 .debug_ranges  0x000000d8       0x18 Output/Ip/ip_gamepad.o
 .debug_ranges  0x000000f0       0x30 Output/Ip/ip_gpio.o
 .debug_ranges  0x00000120       0x30 Output/Ip/ip_joystick.o
 .debug_ranges  0x00000150       0x18 Output/Ip/ip_mode.o
 .debug_ranges  0x00000168       0x18 Output/Ip/ip_protocol.o
 .debug_ranges  0x00000180       0x18 Output/Ip/ip_systick.o
 .debug_ranges  0x00000198       0x48 Output/Ip/ip_uart.o
 .debug_ranges  0x000001e0       0x18 Output/Middleware/mid_gamepad.o
 .debug_ranges  0x000001f8       0x18 Output/Middleware/mid_systick.o
 .debug_ranges  0x00000210       0x38 Output/Middleware/mid_uart.o
 .debug_ranges  0x00000248       0x28 Output/Lib/CMSIS/CM3/DeviceSupport/ST/STM32F10x/system_stm32f10x.o

.debug_macro    0x00000000     0xe500
 .debug_macro   0x00000000      0x1f4 Output/Src/main.o
 .debug_macro   0x000001f4      0xa66 Output/Src/main.o
 .debug_macro   0x00000c5a       0x56 Output/Src/main.o
 .debug_macro   0x00000cb0       0x22 Output/Src/main.o
 .debug_macro   0x00000cd2       0x22 Output/Src/main.o
 .debug_macro   0x00000cf4       0x8e Output/Src/main.o
 .debug_macro   0x00000d82       0x51 Output/Src/main.o
 .debug_macro   0x00000dd3      0x103 Output/Src/main.o
 .debug_macro   0x00000ed6       0x6a Output/Src/main.o
 .debug_macro   0x00000f40      0x1df Output/Src/main.o
 .debug_macro   0x0000111f      0x69f Output/Src/main.o
 .debug_macro   0x000017be     0x7dbe Output/Src/main.o
 .debug_macro   0x0000957c      0x2df Output/Src/main.o
 .debug_macro   0x0000985b      0x144 Output/Src/main.o
 .debug_macro   0x0000999f      0x3cf Output/Src/main.o
 .debug_macro   0x00009d6e       0xc8 Output/Src/main.o
 .debug_macro   0x00009e36      0x17a Output/Src/main.o
 .debug_macro   0x00009fb0       0xac Output/Src/main.o
 .debug_macro   0x0000a05c      0x3ad Output/Src/main.o
 .debug_macro   0x0000a409       0x9a Output/Src/main.o
 .debug_macro   0x0000a4a3      0x2cf Output/Src/main.o
 .debug_macro   0x0000a772      0x279 Output/Src/main.o
 .debug_macro   0x0000a9eb      0x2ac Output/Src/main.o
 .debug_macro   0x0000ac97      0x2b1 Output/Src/main.o
 .debug_macro   0x0000af48       0x64 Output/Src/main.o
 .debug_macro   0x0000afac       0x82 Output/Src/main.o
 .debug_macro   0x0000b02e      0x3e2 Output/Src/main.o
 .debug_macro   0x0000b410       0x58 Output/Src/main.o
 .debug_macro   0x0000b468      0x341 Output/Src/main.o
 .debug_macro   0x0000b7a9      0x2c4 Output/Src/main.o
 .debug_macro   0x0000ba6d      0x711 Output/Src/main.o
 .debug_macro   0x0000c17e      0x220 Output/Src/main.o
 .debug_macro   0x0000c39e       0x34 Output/Src/main.o
 .debug_macro   0x0000c3d2       0x8b Output/Src/main.o
 .debug_macro   0x0000c45d       0x35 Output/Src/main.o
 .debug_macro   0x0000c492       0x10 Output/Src/main.o
 .debug_macro   0x0000c4a2      0x1cb Output/Application/app_gamepad.o
 .debug_macro   0x0000c66d      0x18f Output/Application/app_systick.o
 .debug_macro   0x0000c7fc      0x194 Output/Application/app_uart.o
 .debug_macro   0x0000c990       0x10 Output/Application/app_uart.o
 .debug_macro   0x0000c9a0      0x185 Output/Ip/ip_adc.o
 .debug_macro   0x0000cb25      0x18e Output/Ip/ip_bluetooth.o
 .debug_macro   0x0000ccb3       0x10 Output/Ip/ip_bluetooth.o
 .debug_macro   0x0000ccc3      0x1a3 Output/Ip/ip_gamepad.o
 .debug_macro   0x0000ce66      0x185 Output/Ip/ip_gpio.o
 .debug_macro   0x0000cfeb      0x18f Output/Ip/ip_joystick.o
 .debug_macro   0x0000d17a      0x1ad Output/Ip/ip_mode.o
 .debug_macro   0x0000d327      0x19c Output/Ip/ip_protocol.o
 .debug_macro   0x0000d4c3      0x6bd Output/Ip/ip_protocol.o
 .debug_macro   0x0000db80      0x185 Output/Ip/ip_systick.o
 .debug_macro   0x0000dd05      0x18b Output/Ip/ip_uart.o
 .debug_macro   0x0000de90      0x1c5 Output/Middleware/mid_gamepad.o
 .debug_macro   0x0000e055      0x18f Output/Middleware/mid_systick.o
 .debug_macro   0x0000e1e4      0x194 Output/Middleware/mid_uart.o
 .debug_macro   0x0000e378      0x188 Output/Lib/CMSIS/CM3/DeviceSupport/ST/STM32F10x/system_stm32f10x.o

.debug_line     0x00000000     0x5ffb
 .debug_line    0x00000000      0x5a9 Output/Src/main.o
 .debug_line    0x000005a9      0x59b Output/Application/app_gamepad.o
 .debug_line    0x00000b44      0x535 Output/Application/app_systick.o
 .debug_line    0x00001079      0x588 Output/Application/app_uart.o
 .debug_line    0x00001601      0x628 Output/Ip/ip_adc.o
 .debug_line    0x00001c29      0x583 Output/Ip/ip_bluetooth.o
 .debug_line    0x000021ac      0x5a2 Output/Ip/ip_gamepad.o
 .debug_line    0x0000274e      0x601 Output/Ip/ip_gpio.o
 .debug_line    0x00002d4f      0x57f Output/Ip/ip_joystick.o
 .debug_line    0x000032ce      0x59a Output/Ip/ip_mode.o
 .debug_line    0x00003868      0x554 Output/Ip/ip_protocol.o
 .debug_line    0x00003dbc      0x54d Output/Ip/ip_systick.o
 .debug_line    0x00004309      0x667 Output/Ip/ip_uart.o
 .debug_line    0x00004970      0x583 Output/Middleware/mid_gamepad.o
 .debug_line    0x00004ef3      0x52b Output/Middleware/mid_systick.o
 .debug_line    0x0000541e      0x57e Output/Middleware/mid_uart.o
 .debug_line    0x0000599c      0x65f Output/Lib/CMSIS/CM3/DeviceSupport/ST/STM32F10x/system_stm32f10x.o

.debug_str      0x00000000    0x4def9
 .debug_str     0x00000000    0x4d17d Output/Src/main.o
                              0x4d2f7 (size before relaxing)
 .debug_str     0x0004d17d       0xc7 Output/Application/app_gamepad.o
                              0x4d353 (size before relaxing)
 .debug_str     0x0004d244       0x53 Output/Application/app_systick.o
                              0x4d1a2 (size before relaxing)
 .debug_str     0x0004d297       0xc7 Output/Application/app_uart.o
                              0x4d248 (size before relaxing)
 .debug_str     0x0004d35e      0x117 Output/Ip/ip_adc.o
                              0x4d29b (size before relaxing)
 .debug_str     0x0004d475       0xc8 Output/Ip/ip_bluetooth.o
                              0x4d234 (size before relaxing)
 .debug_str     0x0004d53d       0xaa Output/Ip/ip_gamepad.o
                              0x4d2ea (size before relaxing)
 .debug_str     0x0004d5e7       0xdb Output/Ip/ip_gpio.o
                              0x4d2a1 (size before relaxing)
 .debug_str     0x0004d6c2       0x7e Output/Ip/ip_joystick.o
                              0x4d219 (size before relaxing)
 .debug_str     0x0004d740       0x52 Output/Ip/ip_mode.o
                              0x4d294 (size before relaxing)
 .debug_str     0x0004d792       0x71 Output/Ip/ip_protocol.o
                              0x4d25a (size before relaxing)
 .debug_str     0x0004d803       0x53 Output/Ip/ip_systick.o
                              0x4d1a2 (size before relaxing)
 .debug_str     0x0004d856      0x431 Output/Ip/ip_uart.o
                              0x4d639 (size before relaxing)
 .debug_str     0x0004dc87       0x3d Output/Middleware/mid_gamepad.o
                              0x4d2eb (size before relaxing)
 .debug_str     0x0004dcc4       0x41 Output/Middleware/mid_systick.o
                              0x4d1a1 (size before relaxing)
 .debug_str     0x0004dd05       0x8b Output/Middleware/mid_uart.o
                              0x4d25f (size before relaxing)
 .debug_str     0x0004dd90      0x169 Output/Lib/CMSIS/CM3/DeviceSupport/ST/STM32F10x/system_stm32f10x.o
                              0x4d312 (size before relaxing)

.debug_frame    0x00000000      0x988
 .debug_frame   0x00000000       0x30 Output/Src/main.o
 .debug_frame   0x00000030       0x58 Output/Application/app_gamepad.o
 .debug_frame   0x00000088       0x58 Output/Application/app_systick.o
 .debug_frame   0x000000e0       0xd8 Output/Application/app_uart.o
 .debug_frame   0x000001b8       0x98 Output/Ip/ip_adc.o
 .debug_frame   0x00000250       0xd8 Output/Ip/ip_bluetooth.o
 .debug_frame   0x00000328       0x58 Output/Ip/ip_gamepad.o
 .debug_frame   0x00000380       0xd4 Output/Ip/ip_gpio.o
 .debug_frame   0x00000454       0xc8 Output/Ip/ip_joystick.o
 .debug_frame   0x0000051c       0x58 Output/Ip/ip_mode.o
 .debug_frame   0x00000574       0x5c Output/Ip/ip_protocol.o
 .debug_frame   0x000005d0       0x5c Output/Ip/ip_systick.o
 .debug_frame   0x0000062c      0x13c Output/Ip/ip_uart.o
 .debug_frame   0x00000768       0x58 Output/Middleware/mid_gamepad.o
 .debug_frame   0x000007c0       0x58 Output/Middleware/mid_systick.o
 .debug_frame   0x00000818       0xd8 Output/Middleware/mid_uart.o
 .debug_frame   0x000008f0       0x98 Output/Lib/CMSIS/CM3/DeviceSupport/ST/STM32F10x/system_stm32f10x.o
